Archive member included to satisfy reference by file (symbol)

/usr/lib/gcc/avr/9.3.0/../../../../avr/lib/avr5/libm.a(addsf3.o)
                              obj/main.o (__subsf3)
/usr/lib/gcc/avr/9.3.0/../../../../avr/lib/avr5/libm.a(addsf3x.o)
                              /usr/lib/gcc/avr/9.3.0/../../../../avr/lib/avr5/libm.a(addsf3.o) (__addsf3x)
/usr/lib/gcc/avr/9.3.0/../../../../avr/lib/avr5/libm.a(divsf3.o)
                              obj/main.o (__divsf3)
/usr/lib/gcc/avr/9.3.0/../../../../avr/lib/avr5/libm.a(divsf3x.o)
                              /usr/lib/gcc/avr/9.3.0/../../../../avr/lib/avr5/libm.a(divsf3.o) (__divsf3x)
/usr/lib/gcc/avr/9.3.0/../../../../avr/lib/avr5/libm.a(fixsfsi.o)
                              obj/main.o (__fixsfsi)
/usr/lib/gcc/avr/9.3.0/../../../../avr/lib/avr5/libm.a(fixunssfsi.o)
                              /usr/lib/gcc/avr/9.3.0/../../../../avr/lib/avr5/libm.a(fixsfsi.o) (__fixunssfsi)
/usr/lib/gcc/avr/9.3.0/../../../../avr/lib/avr5/libm.a(floatsisf.o)
                              obj/main.o (__floatunsisf)
/usr/lib/gcc/avr/9.3.0/../../../../avr/lib/avr5/libm.a(fp_inf.o)
                              /usr/lib/gcc/avr/9.3.0/../../../../avr/lib/avr5/libm.a(addsf3x.o) (__fp_inf)
/usr/lib/gcc/avr/9.3.0/../../../../avr/lib/avr5/libm.a(fp_nan.o)
                              /usr/lib/gcc/avr/9.3.0/../../../../avr/lib/avr5/libm.a(addsf3x.o) (__fp_nan)
/usr/lib/gcc/avr/9.3.0/../../../../avr/lib/avr5/libm.a(fp_pscA.o)
                              /usr/lib/gcc/avr/9.3.0/../../../../avr/lib/avr5/libm.a(addsf3x.o) (__fp_pscA)
/usr/lib/gcc/avr/9.3.0/../../../../avr/lib/avr5/libm.a(fp_pscB.o)
                              /usr/lib/gcc/avr/9.3.0/../../../../avr/lib/avr5/libm.a(addsf3x.o) (__fp_pscB)
/usr/lib/gcc/avr/9.3.0/../../../../avr/lib/avr5/libm.a(fp_round.o)
                              /usr/lib/gcc/avr/9.3.0/../../../../avr/lib/avr5/libm.a(addsf3.o) (__fp_round)
/usr/lib/gcc/avr/9.3.0/../../../../avr/lib/avr5/libm.a(fp_split3.o)
                              /usr/lib/gcc/avr/9.3.0/../../../../avr/lib/avr5/libm.a(addsf3x.o) (__fp_split3)
/usr/lib/gcc/avr/9.3.0/../../../../avr/lib/avr5/libm.a(fp_zero.o)
                              /usr/lib/gcc/avr/9.3.0/../../../../avr/lib/avr5/libm.a(addsf3x.o) (__fp_zero)
/usr/lib/gcc/avr/9.3.0/../../../../avr/lib/avr5/libm.a(mulsf3.o)
                              obj/main.o (__mulsf3)
/usr/lib/gcc/avr/9.3.0/../../../../avr/lib/avr5/libm.a(mulsf3x.o)
                              /usr/lib/gcc/avr/9.3.0/../../../../avr/lib/avr5/libm.a(mulsf3.o) (__mulsf3x)
/usr/lib/gcc/avr/9.3.0/../../../../avr/lib/avr5/libm.a(pow.o)
                              obj/main.o (pow)
/usr/lib/gcc/avr/9.3.0/../../../../avr/lib/avr5/libm.a(exp.o)
                              /usr/lib/gcc/avr/9.3.0/../../../../avr/lib/avr5/libm.a(pow.o) (exp)
/usr/lib/gcc/avr/9.3.0/../../../../avr/lib/avr5/libm.a(fp_powser.o)
                              /usr/lib/gcc/avr/9.3.0/../../../../avr/lib/avr5/libm.a(exp.o) (__fp_powser)
/usr/lib/gcc/avr/9.3.0/../../../../avr/lib/avr5/libm.a(inverse.o)
                              /usr/lib/gcc/avr/9.3.0/../../../../avr/lib/avr5/libm.a(exp.o) (inverse)
/usr/lib/gcc/avr/9.3.0/../../../../avr/lib/avr5/libm.a(ldexp.o)
                              /usr/lib/gcc/avr/9.3.0/../../../../avr/lib/avr5/libm.a(exp.o) (ldexp)
/usr/lib/gcc/avr/9.3.0/../../../../avr/lib/avr5/libm.a(log.o)
                              /usr/lib/gcc/avr/9.3.0/../../../../avr/lib/avr5/libm.a(pow.o) (log)
/usr/lib/gcc/avr/9.3.0/../../../../avr/lib/avr5/libm.a(modf.o)
                              /usr/lib/gcc/avr/9.3.0/../../../../avr/lib/avr5/libm.a(exp.o) (modf)
/usr/lib/gcc/avr/9.3.0/../../../../avr/lib/avr5/libm.a(fp_mpack.o)
                              /usr/lib/gcc/avr/9.3.0/../../../../avr/lib/avr5/libm.a(ldexp.o) (__fp_mpack)
/usr/lib/gcc/avr/9.3.0/avr5/libgcc.a(_mulsi3.o)
                              obj/fat.o (__mulsi3)
/usr/lib/gcc/avr/9.3.0/avr5/libgcc.a(_udivmodhi4.o)
                              obj/uart.o (__udivmodhi4)
/usr/lib/gcc/avr/9.3.0/avr5/libgcc.a(_divmodhi4.o)
                              obj/fat.o (__divmodhi4)
/usr/lib/gcc/avr/9.3.0/avr5/libgcc.a(_udivmodsi4.o)
                              obj/main.o (__udivmodsi4)
/usr/lib/gcc/avr/9.3.0/avr5/libgcc.a(_exit.o)
                              /usr/lib/gcc/avr/9.3.0/../../../../avr/lib/avr5/crtatmega328p.o (exit)
/usr/lib/gcc/avr/9.3.0/avr5/libgcc.a(_tablejump2.o)
                              obj/sd_raw.o (__tablejump2__)
/usr/lib/gcc/avr/9.3.0/avr5/libgcc.a(_copy_data.o)
                              obj/main.o (__do_copy_data)
/usr/lib/gcc/avr/9.3.0/avr5/libgcc.a(_clear_bss.o)
                              obj/main.o (__do_clear_bss)
/usr/lib/gcc/avr/9.3.0/avr5/libgcc.a(_umulhisi3.o)
                              obj/fat.o (__umulhisi3)
/usr/lib/gcc/avr/9.3.0/avr5/libgcc.a(_muluhisi3.o)
                              obj/uart.o (__muluhisi3)
[...]
Memory Configuration

Name             Origin             Length             Attributes
text             0x0000000000000000 0x0000000000020000 xr
data             0x0000000000800060 0x000000000000ffa0 rw !x
eeprom           0x0000000000810000 0x0000000000010000 rw !x
fuse             0x0000000000820000 0x0000000000000400 rw !x
lock             0x0000000000830000 0x0000000000000400 rw !x
signature        0x0000000000840000 0x0000000000000400 rw !x
user_signatures  0x0000000000850000 0x0000000000000400 rw !x
*default*        0x0000000000000000 0xffffffffffffffff

Linker script and memory map

Address of section .data set to 0x800100
LOAD /usr/lib/gcc/avr/9.3.0/../../../../avr/lib/avr5/crtatmega328p.o
LOAD obj/main.o
LOAD obj/ili9341.o
LOAD obj/ili9341gfx.o
LOAD obj/uart.o
LOAD obj/grn_TWI.o
LOAD obj/byteordering.o
LOAD obj/fat.o
LOAD obj/partition.o
LOAD obj/sd_raw.o
LOAD /usr/lib/gcc/avr/9.3.0/../../../../avr/lib/avr5/libm.a
START GROUP
LOAD /usr/lib/gcc/avr/9.3.0/avr5/libgcc.a
LOAD /usr/lib/gcc/avr/9.3.0/../../../../avr/lib/avr5/libm.a
LOAD /usr/lib/gcc/avr/9.3.0/../../../../avr/lib/avr5/libc.a
LOAD /usr/lib/gcc/avr/9.3.0/../../../../avr/lib/avr5/libatmega328p.a
END GROUP
                0x0000000000020000                __TEXT_REGION_LENGTH__ = DEFINED (__TEXT_REGION_LENGTH__)?__TEXT_REGION_LENGTH__:0x20000
                0x000000000000ffa0                __DATA_REGION_LENGTH__ = DEFINED (__DATA_REGION_LENGTH__)?__DATA_REGION_LENGTH__:0xffa0
                0x0000000000010000                __EEPROM_REGION_LENGTH__ = DEFINED (__EEPROM_REGION_LENGTH__)?__EEPROM_REGION_LENGTH__:0x10000
                0x0000000000000400                __FUSE_REGION_LENGTH__ = DEFINED (__FUSE_REGION_LENGTH__)?__FUSE_REGION_LENGTH__:0x400
                0x0000000000000400                __LOCK_REGION_LENGTH__ = DEFINED (__LOCK_REGION_LENGTH__)?__LOCK_REGION_LENGTH__:0x400
                0x0000000000000400                __SIGNATURE_REGION_LENGTH__ = DEFINED (__SIGNATURE_REGION_LENGTH__)?__SIGNATURE_REGION_LENGTH__:0x400
                0x0000000000000400                __USER_SIGNATURE_REGION_LENGTH__ = DEFINED (__USER_SIGNATURE_REGION_LENGTH__)?__USER_SIGNATURE_REGION_LENGTH__:0x400

.hash
 *(.hash)

.dynsym
 *(.dynsym)

.dynstr
 *(.dynstr)

.gnu.version
 *(.gnu.version)

.gnu.version_d
 *(.gnu.version_d)

.gnu.version_r
 *(.gnu.version_r)

.rel.init
 *(.rel.init)

.rela.init
 *(.rela.init)

.rel.text
 *(.rel.text)
 *(.rel.text.*)
 *(.rel.gnu.linkonce.t*)

.rela.text
 *(.rela.text)
 *(.rela.text.*)
 *(.rela.gnu.linkonce.t*)

.rel.fini
 *(.rel.fini)

.rela.fini
 *(.rela.fini)

.rel.rodata
 *(.rel.rodata)
 *(.rel.rodata.*)
 *(.rel.gnu.linkonce.r*)

.rela.rodata
 *(.rela.rodata)
 *(.rela.rodata.*)
 *(.rela.gnu.linkonce.r*)

.rel.data
 *(.rel.data)
 *(.rel.data.*)
 *(.rel.gnu.linkonce.d*)

.rela.data
 *(.rela.data)
 *(.rela.data.*)
 *(.rela.gnu.linkonce.d*)

.rel.ctors
 *(.rel.ctors)

.rela.ctors
 *(.rela.ctors)

.rel.dtors
 *(.rel.dtors)

.rela.dtors
 *(.rela.dtors)

.rel.got
 *(.rel.got)

.rela.got
 *(.rela.got)

.rel.bss
 *(.rel.bss)

.rela.bss
 *(.rela.bss)

.rel.plt
 *(.rel.plt)

.rela.plt
 *(.rela.plt)

.text           0x0000000000000000     0x6f8c
 *(.vectors)
 .vectors       0x0000000000000000       0x68 /usr/lib/gcc/avr/9.3.0/../../../../avr/lib/avr5/crtatmega328p.o
                0x0000000000000000                __vectors
                0x0000000000000000                __vector_default
 *(.vectors)
 *(.progmem.gcc*)
 .progmem.gcc_fplib
                0x0000000000000068       0x28 /usr/lib/gcc/avr/9.3.0/../../../../avr/lib/avr5/libm.a(exp.o)
 .progmem.gcc_fplib
                0x0000000000000090       0x5a /usr/lib/gcc/avr/9.3.0/../../../../avr/lib/avr5/libm.a(log.o)
                0x00000000000000ea                . = ALIGN (0x2)
                0x00000000000000ea                __trampolines_start = .
 *(.trampolines)
 .trampolines   0x00000000000000ea        0x0 linker stubs
 *(.trampolines*)
                0x00000000000000ea                __trampolines_end = .
 *libprintf_flt.a:*(.progmem.data)
 *libc.a:*(.progmem.data)
 *(.progmem.*)
 .progmem.data  0x00000000000000ea       0xdd obj/main.o
 .progmem.data  0x00000000000001c7      0x4fb obj/ili9341gfx.o
                0x00000000000006c2                . = ALIGN (0x2)
 *(.lowtext)
 *(.lowtext*)
                0x00000000000006c2                __ctors_start = .
 *(.ctors)
                0x00000000000006c2                __ctors_end = .
                0x00000000000006c2                __dtors_start = .
 *(.dtors)
                0x00000000000006c2                __dtors_end = .
 SORT_BY_NAME(*)(.ctors)
 SORT_BY_NAME(*)(.dtors)
 *(.init0)
 .init0         0x00000000000006c2        0x0 /usr/lib/gcc/avr/9.3.0/../../../../avr/lib/avr5/crtatmega328p.o
                0x00000000000006c2                __init
 *(.init0)
 *(.init1)
 *(.init1)
 *(.init2)
 .init2         0x00000000000006c2        0xc /usr/lib/gcc/avr/9.3.0/../../../../avr/lib/avr5/crtatmega328p.o
 *(.init2)
 *(.init3)
 *(.init3)
 *(.init4)
 .init4         0x00000000000006ce       0x16 /usr/lib/gcc/avr/9.3.0/avr5/libgcc.a(_copy_data.o)
                0x00000000000006ce                __do_copy_data
 .init4         0x00000000000006e4       0x10 /usr/lib/gcc/avr/9.3.0/avr5/libgcc.a(_clear_bss.o)
                0x00000000000006e4                __do_clear_bss
 *(.init4)
 *(.init5)
 *(.init5)
 *(.init6)
 *(.init6)
 *(.init7)
 *(.init7)
 *(.init8)
 *(.init8)
 *(.init9)
 .init9         0x00000000000006f4        0x8 /usr/lib/gcc/avr/9.3.0/../../../../avr/lib/avr5/crtatmega328p.o
 *(.init9)
 *(.text)
 .text          0x00000000000006fc        0x4 /usr/lib/gcc/avr/9.3.0/../../../../avr/lib/avr5/crtatmega328p.o
                0x00000000000006fc                __vector_22
                0x00000000000006fc                __vector_1
                0x00000000000006fc                __vector_24
                0x00000000000006fc                __vector_12
                0x00000000000006fc                __bad_interrupt
                0x00000000000006fc                __vector_6
                0x00000000000006fc                __vector_3
                0x00000000000006fc                __vector_23
                0x00000000000006fc                __vector_25
                0x00000000000006fc                __vector_13
                0x00000000000006fc                __vector_17
                0x00000000000006fc                __vector_19
                0x00000000000006fc                __vector_7
                0x00000000000006fc                __vector_5
                0x00000000000006fc                __vector_4
                0x00000000000006fc                __vector_9
                0x00000000000006fc                __vector_2
                0x00000000000006fc                __vector_21
                0x00000000000006fc                __vector_15
                0x00000000000006fc                __vector_8
                0x00000000000006fc                __vector_14
                0x00000000000006fc                __vector_10
                0x00000000000006fc                __vector_16
                0x00000000000006fc                __vector_20
 .text          0x0000000000000700      0xedc obj/main.o
                0x0000000000000700                __vector_11
                0x0000000000000774                DPS310_read
                0x00000000000007de                DPS310_write
                0x000000000000083e                DPS310_readCoeffs
                0x0000000000000a10                DPS310_sreset
                0x0000000000000a2c                init_ili9341
                0x0000000000000a86                DPS310_init
                0x0000000000000ba4                DPS310_get_sc_temp
                0x0000000000000c14                DPS310_get_temp
                0x0000000000000de8                DPS310_get_pres
                0x00000000000012ee                calcalt
                0x00000000000013b8                vor_komma
                0x00000000000013e0                nach_komma
                0x00000000000013fe                ReadADC
                0x0000000000001428                showSD
                0x0000000000001480                showADC
 .text          0x00000000000015dc     0x10aa obj/ili9341.o
                0x00000000000015dc                ili9341_hard_init
                0x00000000000015e6                ili9341_spi_init
                0x00000000000015fa                ili9341_spi_send
                0x0000000000001604                ili9341_writecommand8
                0x000000000000161a                ili9341_writedata8
                0x000000000000162e                ili9341_setaddress
                0x000000000000169a                ili9341_hard_reset
                0x00000000000016d8                ili9341_init
                0x00000000000018fa                ili9341_pushcolour
                0x000000000000190c                ili9341_clear
                0x0000000000001986                ili9341_drawpixel
                0x00000000000019d0                ili9341_drawvline
                0x0000000000001a48                ili9341_drawhline
                0x0000000000001ac0                ili9341_fillrect
                0x0000000000001b80                ili9341_setRotation
                0x0000000000001bd8                ili9341_drawCircle
                0x0000000000001d86                ili9341_drawCircleHelper
                0x0000000000001ed2                ili9341_drawLine
                0x0000000000002018                ili9341_drawFastVLine
                0x0000000000002034                ili9341_fillCircleHelper
                0x0000000000002188                ili9341_fillCircle
                0x00000000000021dc                ili9341_drawFastHLine
                0x00000000000021f6                ili9341_drawRect
                0x000000000000225e                ili9341_fillRect
                0x00000000000022b2                ili9341_drawRoundRect
                0x00000000000023d6                ili9341_fillRoundRect
                0x0000000000002474                ili9341_drawBitmap
                0x000000000000257e                ili9341_drawXBitmap
 .text          0x0000000000002686      0x6cc obj/ili9341gfx.o
                0x0000000000002686                backuplocationvset
                0x00000000000026a8                backuplocationvactual
                0x00000000000026ca                backuplocationiset
                0x00000000000026ec                backuplocationiactual
                0x000000000000270e                ili9341_drawchar
                0x00000000000028ea                ili9341_setcursor
                0x00000000000028fc                ili9341_settextcolour
                0x000000000000290e                ili9341_settextsize
                0x000000000000291e                ili9341_write
                0x0000000000002956                ili9341_putchar_printf
                0x0000000000002960                display_init
 .text          0x0000000000002d52      0x246 obj/uart.o
                0x0000000000002d52                uart_init
                0x0000000000002d6a                uart_putc
                0x0000000000002d88                uart_putc_hex
                0x0000000000002db2                uart_putw_hex
                0x0000000000002dc4                uart_putdw_hex
                0x0000000000002ddc                uart_putw_dec
                0x0000000000002e54                uart_putdw_dec
                0x0000000000002f38                uart_puts
                0x0000000000002f50                uart_puts_p
                0x0000000000002f6c                uart_getc
                0x0000000000002f96                __vector_18
 .text          0x0000000000002f98       0x74 obj/grn_TWI.o
                0x0000000000002f98                TWIInit
                0x0000000000002fb0                TWIStart
                0x0000000000002fc0                TWIStop
                0x0000000000002fc8                TWIWrite
                0x0000000000002fdc                TWIReadACK
                0x0000000000002ff0                TWIReadNACK
                0x0000000000003004                TWIGetStatus
 .text          0x000000000000300c       0x44 obj/byteordering.o
                0x000000000000300c                read16
                0x0000000000003014                read32
                0x000000000000303c                write16
                0x0000000000003044                write32
 .text          0x0000000000003050     0x1ffc obj/fat.o
                0x0000000000003b90                fat_open
                0x0000000000003ed6                fat_close
                0x0000000000003ee2                fat_open_file
                0x0000000000003f46                fat_close_file
                0x0000000000003f52                fat_read_file
                0x0000000000004190                fat_write_file
                0x0000000000004438                fat_resize_file
                0x0000000000004646                fat_seek_file
                0x00000000000046f0                fat_open_dir
                0x0000000000004758                fat_close_dir
                0x0000000000004764                fat_reset_dir
                0x000000000000477e                fat_read_dir
                0x0000000000004922                fat_get_dir_entry_of_path
                0x0000000000004a3c                fat_create_file
                0x0000000000004afe                fat_delete_file
                0x0000000000004bfc                fat_move_file
                0x0000000000004cea                fat_create_dir
                0x0000000000004eb2                fat_get_fs_size
                0x0000000000004f0c                fat_get_fs_free
 .text          0x000000000000504c      0x138 obj/partition.o
                0x000000000000504c                partition_open
                0x0000000000005174                partition_close
 .text          0x0000000000005184      0x7e4 obj/sd_raw.o
                0x000000000000520c                sd_raw_available
                0x0000000000005210                sd_raw_locked
                0x0000000000005214                sd_raw_sync
                0x0000000000005264                sd_raw_read
                0x00000000000053b8                sd_raw_init
                0x00000000000054bc                sd_raw_read_interval
                0x0000000000005568                sd_raw_write
                0x00000000000056d0                sd_raw_write_interval
                0x0000000000005776                sd_raw_get_info
 .text          0x0000000000005968        0x0 /usr/lib/gcc/avr/9.3.0/../../../../avr/lib/avr5/libm.a(addsf3.o)
 .text          0x0000000000005968        0x0 /usr/lib/gcc/avr/9.3.0/../../../../avr/lib/avr5/libm.a(addsf3x.o)
 .text          0x0000000000005968        0x0 /usr/lib/gcc/avr/9.3.0/../../../../avr/lib/avr5/libm.a(divsf3.o)
 .text          0x0000000000005968        0x0 /usr/lib/gcc/avr/9.3.0/../../../../avr/lib/avr5/libm.a(divsf3x.o)
 .text          0x0000000000005968        0x0 /usr/lib/gcc/avr/9.3.0/../../../../avr/lib/avr5/libm.a(fixsfsi.o)
 .text          0x0000000000005968        0x0 /usr/lib/gcc/avr/9.3.0/../../../../avr/lib/avr5/libm.a(fixunssfsi.o)
 .text          0x0000000000005968        0x0 /usr/lib/gcc/avr/9.3.0/../../../../avr/lib/avr5/libm.a(floatsisf.o)
 .text          0x0000000000005968        0x0 /usr/lib/gcc/avr/9.3.0/../../../../avr/lib/avr5/libm.a(fp_inf.o)
 .text          0x0000000000005968        0x0 /usr/lib/gcc/avr/9.3.0/../../../../avr/lib/avr5/libm.a(fp_nan.o)
 .text          0x0000000000005968        0x0 /usr/lib/gcc/avr/9.3.0/../../../../avr/lib/avr5/libm.a(fp_pscA.o)
 .text          0x0000000000005968        0x0 /usr/lib/gcc/avr/9.3.0/../../../../avr/lib/avr5/libm.a(fp_pscB.o)
 .text          0x0000000000005968        0x0 /usr/lib/gcc/avr/9.3.0/../../../../avr/lib/avr5/libm.a(fp_round.o)
 .text          0x0000000000005968        0x0 /usr/lib/gcc/avr/9.3.0/../../../../avr/lib/avr5/libm.a(fp_split3.o)
 .text          0x0000000000005968        0x0 /usr/lib/gcc/avr/9.3.0/../../../../avr/lib/avr5/libm.a(fp_zero.o)
 .text          0x0000000000005968        0x0 /usr/lib/gcc/avr/9.3.0/../../../../avr/lib/avr5/libm.a(mulsf3.o)
 .text          0x0000000000005968        0x0 /usr/lib/gcc/avr/9.3.0/../../../../avr/lib/avr5/libm.a(mulsf3x.o)
 .text          0x0000000000005968        0x0 /usr/lib/gcc/avr/9.3.0/../../../../avr/lib/avr5/libm.a(pow.o)
 .text          0x0000000000005968        0x0 /usr/lib/gcc/avr/9.3.0/../../../../avr/lib/avr5/libm.a(exp.o)
 .text          0x0000000000005968        0x0 /usr/lib/gcc/avr/9.3.0/../../../../avr/lib/avr5/libm.a(fp_powser.o)
 .text          0x0000000000005968        0x0 /usr/lib/gcc/avr/9.3.0/../../../../avr/lib/avr5/libm.a(inverse.o)
 .text          0x0000000000005968        0x0 /usr/lib/gcc/avr/9.3.0/../../../../avr/lib/avr5/libm.a(ldexp.o)
 .text          0x0000000000005968        0x0 /usr/lib/gcc/avr/9.3.0/../../../../avr/lib/avr5/libm.a(log.o)
 .text          0x0000000000005968        0x0 /usr/lib/gcc/avr/9.3.0/../../../../avr/lib/avr5/libm.a(modf.o)
 .text          0x0000000000005968        0x0 /usr/lib/gcc/avr/9.3.0/../../../../avr/lib/avr5/libm.a(fp_mpack.o)
 .text          0x0000000000005968        0x0 /usr/lib/gcc/avr/9.3.0/avr5/libgcc.a(_mulsi3.o)
 .text          0x0000000000005968        0x0 /usr/lib/gcc/avr/9.3.0/avr5/libgcc.a(_udivmodhi4.o)
 .text          0x0000000000005968        0x0 /usr/lib/gcc/avr/9.3.0/avr5/libgcc.a(_divmodhi4.o)
 .text          0x0000000000005968        0x0 /usr/lib/gcc/avr/9.3.0/avr5/libgcc.a(_udivmodsi4.o)
 .text          0x0000000000005968        0x0 /usr/lib/gcc/avr/9.3.0/avr5/libgcc.a(_exit.o)
 .text          0x0000000000005968        0x0 /usr/lib/gcc/avr/9.3.0/avr5/libgcc.a(_tablejump2.o)
 .text          0x0000000000005968        0x0 /usr/lib/gcc/avr/9.3.0/avr5/libgcc.a(_copy_data.o)
 .text          0x0000000000005968        0x0 /usr/lib/gcc/avr/9.3.0/avr5/libgcc.a(_clear_bss.o)
 .text          0x0000000000005968        0x0 /usr/lib/gcc/avr/9.3.0/avr5/libgcc.a(_umulhisi3.o)
 .text          0x0000000000005968        0x0 /usr/lib/gcc/avr/9.3.0/avr5/libgcc.a(_muluhisi3.o)
 .text          0x0000000000005968        0x0 /usr/lib/gcc/avr/9.3.0/../../../../avr/lib/avr5/libc.a(memcpy.o)
 .text          0x0000000000005968        0x0 /usr/lib/gcc/avr/9.3.0/../../../../avr/lib/avr5/libc.a(memset.o)
 .text          0x0000000000005968        0x0 /usr/lib/gcc/avr/9.3.0/../../../../avr/lib/avr5/libc.a(strchr.o)
 .text          0x0000000000005968        0x0 /usr/lib/gcc/avr/9.3.0/../../../../avr/lib/avr5/libc.a(strcmp.o)
 .text          0x0000000000005968        0x0 /usr/lib/gcc/avr/9.3.0/../../../../avr/lib/avr5/libc.a(strncmp.o)
 .text          0x0000000000005968        0x0 /usr/lib/gcc/avr/9.3.0/../../../../avr/lib/avr5/libc.a(strncpy.o)
 .text          0x0000000000005968        0x0 /usr/lib/gcc/avr/9.3.0/../../../../avr/lib/avr5/libc.a(strrchr.o)
 .text          0x0000000000005968        0x0 /usr/lib/gcc/avr/9.3.0/../../../../avr/lib/avr5/libc.a(iob.o)
 .text          0x0000000000005968        0x0 /usr/lib/gcc/avr/9.3.0/../../../../avr/lib/avr5/libc.a(printf.o)
 .text          0x0000000000005968        0x0 /usr/lib/gcc/avr/9.3.0/../../../../avr/lib/avr5/libc.a(puts.o)
 .text          0x0000000000005968        0x0 /usr/lib/gcc/avr/9.3.0/../../../../avr/lib/avr5/libc.a(sprintf.o)
 .text          0x0000000000005968        0x0 /usr/lib/gcc/avr/9.3.0/../../../../avr/lib/avr5/libc.a(vfprintf_std.o)
 .text          0x0000000000005968        0x0 /usr/lib/gcc/avr/9.3.0/../../../../avr/lib/avr5/libc.a(strnlen_P.o)
 .text          0x0000000000005968        0x0 /usr/lib/gcc/avr/9.3.0/../../../../avr/lib/avr5/libc.a(strnlen.o)
 .text          0x0000000000005968        0x0 /usr/lib/gcc/avr/9.3.0/../../../../avr/lib/avr5/libc.a(fputc.o)
 .text          0x0000000000005968        0x0 /usr/lib/gcc/avr/9.3.0/../../../../avr/lib/avr5/libc.a(ultoa_invert.o)
 .text          0x0000000000005968        0x0 /usr/lib/gcc/avr/9.3.0/avr5/libgcc.a(_prologue.o)
 .text          0x0000000000005968        0x0 /usr/lib/gcc/avr/9.3.0/avr5/libgcc.a(_epilogue.o)
                0x0000000000005968                . = ALIGN (0x2)
 *(.text.*)
 .text.startup  0x0000000000005968      0x736 obj/main.o
                0x0000000000005968                main
 .text.avr-libc.fplib
                0x000000000000609e        0xe /usr/lib/gcc/avr/9.3.0/../../../../avr/lib/avr5/libm.a(addsf3.o)
                0x000000000000609e                __subsf3
                0x00000000000060a0                __addsf3
 .text.avr-libc.fplib
                0x00000000000060ac       0xcc /usr/lib/gcc/avr/9.3.0/../../../../avr/lib/avr5/libm.a(addsf3x.o)
                0x00000000000060ce                __addsf3x
 .text.avr-libc.fplib
                0x0000000000006178        0x8 /usr/lib/gcc/avr/9.3.0/../../../../avr/lib/avr5/libm.a(divsf3.o)
                0x0000000000006178                __divsf3
 .text.avr-libc.fplib
                0x0000000000006180       0xdc /usr/lib/gcc/avr/9.3.0/../../../../avr/lib/avr5/libm.a(divsf3x.o)
                0x00000000000061a0                __divsf3x
                0x00000000000061a6                __divsf3_pse
 .text.avr-libc.fplib
                0x000000000000625c        0xe /usr/lib/gcc/avr/9.3.0/../../../../avr/lib/avr5/libm.a(fixsfsi.o)
                0x000000000000625c                __fixsfsi
 .text.avr-libc.fplib
                0x000000000000626a       0x5e /usr/lib/gcc/avr/9.3.0/../../../../avr/lib/avr5/libm.a(fixunssfsi.o)
                0x000000000000626a                __fixunssfsi
 .text.avr-libc.fplib
                0x00000000000062c8       0x7a /usr/lib/gcc/avr/9.3.0/../../../../avr/lib/avr5/libm.a(floatsisf.o)
                0x00000000000062c8                __floatunsisf
                0x00000000000062cc                __floatsisf
 .text.avr-libc.fplib
                0x0000000000006342        0xc /usr/lib/gcc/avr/9.3.0/../../../../avr/lib/avr5/libm.a(fp_inf.o)
                0x0000000000006342                __fp_inf
 .text.avr-libc.fplib
                0x000000000000634e        0x6 /usr/lib/gcc/avr/9.3.0/../../../../avr/lib/avr5/libm.a(fp_nan.o)
                0x000000000000634e                __fp_nan
 .text.avr-libc.fplib
                0x0000000000006354        0xe /usr/lib/gcc/avr/9.3.0/../../../../avr/lib/avr5/libm.a(fp_pscA.o)
                0x0000000000006354                __fp_pscA
 .text.avr-libc.fplib
                0x0000000000006362        0xe /usr/lib/gcc/avr/9.3.0/../../../../avr/lib/avr5/libm.a(fp_pscB.o)
                0x0000000000006362                __fp_pscB
 .text.avr-libc.fplib
                0x0000000000006370       0x22 /usr/lib/gcc/avr/9.3.0/../../../../avr/lib/avr5/libm.a(fp_round.o)
                0x0000000000006370                __fp_round
 .text.avr-libc.fplib
                0x0000000000006392       0x44 /usr/lib/gcc/avr/9.3.0/../../../../avr/lib/avr5/libm.a(fp_split3.o)
                0x0000000000006392                __fp_split3
                0x00000000000063a2                __fp_splitA
 .text.avr-libc.fplib
                0x00000000000063d6        0xe /usr/lib/gcc/avr/9.3.0/../../../../avr/lib/avr5/libm.a(fp_zero.o)
                0x00000000000063d6                __fp_zero
                0x00000000000063d8                __fp_szero
 .text.avr-libc.fplib
                0x00000000000063e4        0x8 /usr/lib/gcc/avr/9.3.0/../../../../avr/lib/avr5/libm.a(mulsf3.o)
                0x00000000000063e4                __mulsf3
 .text.avr-libc.fplib
                0x00000000000063ec       0xd2 /usr/lib/gcc/avr/9.3.0/../../../../avr/lib/avr5/libm.a(mulsf3x.o)
                0x000000000000640a                __mulsf3x
                0x0000000000006410                __mulsf3_pse
 .text.avr-libc.fplib
                0x00000000000064be       0xa0 /usr/lib/gcc/avr/9.3.0/../../../../avr/lib/avr5/libm.a(pow.o)
                0x00000000000064be                pow
 .text.avr-libc.fplib
                0x000000000000655e       0x74 /usr/lib/gcc/avr/9.3.0/../../../../avr/lib/avr5/libm.a(exp.o)
                0x000000000000656e                exp
 .text.avr-libc.fplib
                0x00000000000065d2       0x4e /usr/lib/gcc/avr/9.3.0/../../../../avr/lib/avr5/libm.a(fp_powser.o)
                0x00000000000065d2                __fp_powser
 .text.avr-libc.fplib
                0x0000000000006620       0x10 /usr/lib/gcc/avr/9.3.0/../../../../avr/lib/avr5/libm.a(inverse.o)
                0x0000000000006620                inverse
 .text.avr-libc.fplib
                0x0000000000006630       0x74 /usr/lib/gcc/avr/9.3.0/../../../../avr/lib/avr5/libm.a(ldexp.o)
                0x0000000000006638                ldexp
 .text.avr-libc.fplib
                0x00000000000066a4       0xa0 /usr/lib/gcc/avr/9.3.0/../../../../avr/lib/avr5/libm.a(log.o)
                0x00000000000066b4                log
 .text.avr-libc.fplib
                0x0000000000006744       0x68 /usr/lib/gcc/avr/9.3.0/../../../../avr/lib/avr5/libm.a(modf.o)
                0x0000000000006744                modff
                0x0000000000006744                modf
 .text.avr-libc.fplib
                0x00000000000067ac       0x1c /usr/lib/gcc/avr/9.3.0/../../../../avr/lib/avr5/libm.a(fp_mpack.o)
                0x00000000000067ac                __fp_mpack
                0x00000000000067b0                __fp_mpack_finite
 .text.libgcc.mul
                0x00000000000067c8       0x20 /usr/lib/gcc/avr/9.3.0/avr5/libgcc.a(_mulsi3.o)
                0x00000000000067c8                __mulsi3
 .text.libgcc.div
                0x00000000000067e8        0x0 /usr/lib/gcc/avr/9.3.0/avr5/libgcc.a(_mulsi3.o)
 .text.libgcc   0x00000000000067e8        0x0 /usr/lib/gcc/avr/9.3.0/avr5/libgcc.a(_mulsi3.o)
 .text.libgcc.prologue
                0x00000000000067e8        0x0 /usr/lib/gcc/avr/9.3.0/avr5/libgcc.a(_mulsi3.o)
 .text.libgcc.builtins
                0x00000000000067e8        0x0 /usr/lib/gcc/avr/9.3.0/avr5/libgcc.a(_mulsi3.o)
 .text.libgcc.fmul
                0x00000000000067e8        0x0 /usr/lib/gcc/avr/9.3.0/avr5/libgcc.a(_mulsi3.o)
 .text.libgcc.fixed
                0x00000000000067e8        0x0 /usr/lib/gcc/avr/9.3.0/avr5/libgcc.a(_mulsi3.o)
 .text.libgcc.mul
                0x00000000000067e8        0x0 /usr/lib/gcc/avr/9.3.0/avr5/libgcc.a(_udivmodhi4.o)
 .text.libgcc.div
                0x00000000000067e8       0x28 /usr/lib/gcc/avr/9.3.0/avr5/libgcc.a(_udivmodhi4.o)
                0x00000000000067e8                __udivmodhi4
 .text.libgcc   0x0000000000006810        0x0 /usr/lib/gcc/avr/9.3.0/avr5/libgcc.a(_udivmodhi4.o)
 .text.libgcc.prologue
                0x0000000000006810        0x0 /usr/lib/gcc/avr/9.3.0/avr5/libgcc.a(_udivmodhi4.o)
 .text.libgcc.builtins
                0x0000000000006810        0x0 /usr/lib/gcc/avr/9.3.0/avr5/libgcc.a(_udivmodhi4.o)
 .text.libgcc.fmul
                0x0000000000006810        0x0 /usr/lib/gcc/avr/9.3.0/avr5/libgcc.a(_udivmodhi4.o)
 .text.libgcc.fixed
                0x0000000000006810        0x0 /usr/lib/gcc/avr/9.3.0/avr5/libgcc.a(_udivmodhi4.o)
 .text.libgcc.mul
                0x0000000000006810        0x0 /usr/lib/gcc/avr/9.3.0/avr5/libgcc.a(_divmodhi4.o)
 .text.libgcc.div
                0x0000000000006810       0x28 /usr/lib/gcc/avr/9.3.0/avr5/libgcc.a(_divmodhi4.o)
                0x0000000000006810                __divmodhi4
                0x0000000000006810                _div
 .text.libgcc   0x0000000000006838        0x0 /usr/lib/gcc/avr/9.3.0/avr5/libgcc.a(_divmodhi4.o)
 .text.libgcc.prologue
                0x0000000000006838        0x0 /usr/lib/gcc/avr/9.3.0/avr5/libgcc.a(_divmodhi4.o)
 .text.libgcc.builtins
                0x0000000000006838        0x0 /usr/lib/gcc/avr/9.3.0/avr5/libgcc.a(_divmodhi4.o)
 .text.libgcc.fmul
                0x0000000000006838        0x0 /usr/lib/gcc/avr/9.3.0/avr5/libgcc.a(_divmodhi4.o)
 .text.libgcc.fixed
                0x0000000000006838        0x0 /usr/lib/gcc/avr/9.3.0/avr5/libgcc.a(_divmodhi4.o)
 .text.libgcc.mul
                0x0000000000006838        0x0 /usr/lib/gcc/avr/9.3.0/avr5/libgcc.a(_udivmodsi4.o)
 .text.libgcc.div
                0x0000000000006838       0x44 /usr/lib/gcc/avr/9.3.0/avr5/libgcc.a(_udivmodsi4.o)
                0x0000000000006838                __udivmodsi4
 .text.libgcc   0x000000000000687c        0x0 /usr/lib/gcc/avr/9.3.0/avr5/libgcc.a(_udivmodsi4.o)
 .text.libgcc.prologue
                0x000000000000687c        0x0 /usr/lib/gcc/avr/9.3.0/avr5/libgcc.a(_udivmodsi4.o)
 .text.libgcc.builtins
                0x000000000000687c        0x0 /usr/lib/gcc/avr/9.3.0/avr5/libgcc.a(_udivmodsi4.o)
 .text.libgcc.fmul
                0x000000000000687c        0x0 /usr/lib/gcc/avr/9.3.0/avr5/libgcc.a(_udivmodsi4.o)
 .text.libgcc.fixed
                0x000000000000687c        0x0 /usr/lib/gcc/avr/9.3.0/avr5/libgcc.a(_udivmodsi4.o)
 .text.libgcc.mul
                0x000000000000687c        0x0 /usr/lib/gcc/avr/9.3.0/avr5/libgcc.a(_exit.o)
 .text.libgcc.div
                0x000000000000687c        0x0 /usr/lib/gcc/avr/9.3.0/avr5/libgcc.a(_exit.o)
 .text.libgcc   0x000000000000687c        0x0 /usr/lib/gcc/avr/9.3.0/avr5/libgcc.a(_exit.o)
 .text.libgcc.prologue
                0x000000000000687c        0x0 /usr/lib/gcc/avr/9.3.0/avr5/libgcc.a(_exit.o)
 .text.libgcc.builtins
                0x000000000000687c        0x0 /usr/lib/gcc/avr/9.3.0/avr5/libgcc.a(_exit.o)
 .text.libgcc.fmul
                0x000000000000687c        0x0 /usr/lib/gcc/avr/9.3.0/avr5/libgcc.a(_exit.o)
 .text.libgcc.fixed
                0x000000000000687c        0x0 /usr/lib/gcc/avr/9.3.0/avr5/libgcc.a(_exit.o)
 .text.libgcc.mul
                0x000000000000687c        0x0 /usr/lib/gcc/avr/9.3.0/avr5/libgcc.a(_tablejump2.o)
 .text.libgcc.div
                0x000000000000687c        0x0 /usr/lib/gcc/avr/9.3.0/avr5/libgcc.a(_tablejump2.o)
 .text.libgcc   0x000000000000687c        0xc /usr/lib/gcc/avr/9.3.0/avr5/libgcc.a(_tablejump2.o)
                0x000000000000687c                __tablejump2__
 .text.libgcc.prologue
                0x0000000000006888        0x0 /usr/lib/gcc/avr/9.3.0/avr5/libgcc.a(_tablejump2.o)
 .text.libgcc.builtins
                0x0000000000006888        0x0 /usr/lib/gcc/avr/9.3.0/avr5/libgcc.a(_tablejump2.o)
 .text.libgcc.fmul
                0x0000000000006888        0x0 /usr/lib/gcc/avr/9.3.0/avr5/libgcc.a(_tablejump2.o)
 .text.libgcc.fixed
                0x0000000000006888        0x0 /usr/lib/gcc/avr/9.3.0/avr5/libgcc.a(_tablejump2.o)
 .text.libgcc.mul
                0x0000000000006888        0x0 /usr/lib/gcc/avr/9.3.0/avr5/libgcc.a(_copy_data.o)
 .text.libgcc.div
                0x0000000000006888        0x0 /usr/lib/gcc/avr/9.3.0/avr5/libgcc.a(_copy_data.o)
 .text.libgcc   0x0000000000006888        0x0 /usr/lib/gcc/avr/9.3.0/avr5/libgcc.a(_copy_data.o)
 .text.libgcc.prologue
                0x0000000000006888        0x0 /usr/lib/gcc/avr/9.3.0/avr5/libgcc.a(_copy_data.o)
 .text.libgcc.builtins
                0x0000000000006888        0x0 /usr/lib/gcc/avr/9.3.0/avr5/libgcc.a(_copy_data.o)
 .text.libgcc.fmul
                0x0000000000006888        0x0 /usr/lib/gcc/avr/9.3.0/avr5/libgcc.a(_copy_data.o)
 .text.libgcc.fixed
                0x0000000000006888        0x0 /usr/lib/gcc/avr/9.3.0/avr5/libgcc.a(_copy_data.o)
 .text.libgcc.mul
                0x0000000000006888        0x0 /usr/lib/gcc/avr/9.3.0/avr5/libgcc.a(_clear_bss.o)
 .text.libgcc.div
                0x0000000000006888        0x0 /usr/lib/gcc/avr/9.3.0/avr5/libgcc.a(_clear_bss.o)
 .text.libgcc   0x0000000000006888        0x0 /usr/lib/gcc/avr/9.3.0/avr5/libgcc.a(_clear_bss.o)
 .text.libgcc.prologue
                0x0000000000006888        0x0 /usr/lib/gcc/avr/9.3.0/avr5/libgcc.a(_clear_bss.o)
 .text.libgcc.builtins
                0x0000000000006888        0x0 /usr/lib/gcc/avr/9.3.0/avr5/libgcc.a(_clear_bss.o)
 .text.libgcc.fmul
                0x0000000000006888        0x0 /usr/lib/gcc/avr/9.3.0/avr5/libgcc.a(_clear_bss.o)
 .text.libgcc.fixed
                0x0000000000006888        0x0 /usr/lib/gcc/avr/9.3.0/avr5/libgcc.a(_clear_bss.o)
 .text.libgcc.mul
                0x0000000000006888       0x1e /usr/lib/gcc/avr/9.3.0/avr5/libgcc.a(_umulhisi3.o)
                0x0000000000006888                __umulhisi3
 .text.libgcc.div
                0x00000000000068a6        0x0 /usr/lib/gcc/avr/9.3.0/avr5/libgcc.a(_umulhisi3.o)
 .text.libgcc   0x00000000000068a6        0x0 /usr/lib/gcc/avr/9.3.0/avr5/libgcc.a(_umulhisi3.o)
 .text.libgcc.prologue
                0x00000000000068a6        0x0 /usr/lib/gcc/avr/9.3.0/avr5/libgcc.a(_umulhisi3.o)
 .text.libgcc.builtins
                0x00000000000068a6        0x0 /usr/lib/gcc/avr/9.3.0/avr5/libgcc.a(_umulhisi3.o)
 .text.libgcc.fmul
                0x00000000000068a6        0x0 /usr/lib/gcc/avr/9.3.0/avr5/libgcc.a(_umulhisi3.o)
 .text.libgcc.fixed
                0x00000000000068a6        0x0 /usr/lib/gcc/avr/9.3.0/avr5/libgcc.a(_umulhisi3.o)
 .text.libgcc.mul
                0x00000000000068a6       0x16 /usr/lib/gcc/avr/9.3.0/avr5/libgcc.a(_muluhisi3.o)
                0x00000000000068a6                __muluhisi3
 .text.libgcc.div
                0x00000000000068bc        0x0 /usr/lib/gcc/avr/9.3.0/avr5/libgcc.a(_muluhisi3.o)
 .text.libgcc   0x00000000000068bc        0x0 /usr/lib/gcc/avr/9.3.0/avr5/libgcc.a(_muluhisi3.o)
 .text.libgcc.prologue
                0x00000000000068bc        0x0 /usr/lib/gcc/avr/9.3.0/avr5/libgcc.a(_muluhisi3.o)
 .text.libgcc.builtins
                0x00000000000068bc        0x0 /usr/lib/gcc/avr/9.3.0/avr5/libgcc.a(_muluhisi3.o)
 .text.libgcc.fmul
                0x00000000000068bc        0x0 /usr/lib/gcc/avr/9.3.0/avr5/libgcc.a(_muluhisi3.o)
 .text.libgcc.fixed
                0x00000000000068bc        0x0 /usr/lib/gcc/avr/9.3.0/avr5/libgcc.a(_muluhisi3.o)
 .text.avr-libc
                0x00000000000068bc       0x12 /usr/lib/gcc/avr/9.3.0/../../../../avr/lib/avr5/libc.a(memcpy.o)
                0x00000000000068bc                memcpy
 .text.avr-libc
                0x00000000000068ce        0xe /usr/lib/gcc/avr/9.3.0/../../../../avr/lib/avr5/libc.a(memset.o)
                0x00000000000068ce                memset
 .text.avr-libc
                0x00000000000068dc       0x16 /usr/lib/gcc/avr/9.3.0/../../../../avr/lib/avr5/libc.a(strchr.o)
                0x00000000000068dc                strchr
 .text.avr-libc
                0x00000000000068f2       0x12 /usr/lib/gcc/avr/9.3.0/../../../../avr/lib/avr5/libc.a(strcmp.o)
                0x00000000000068f2                strcmp
 .text.avr-libc
                0x0000000000006904       0x1c /usr/lib/gcc/avr/9.3.0/../../../../avr/lib/avr5/libc.a(strncmp.o)
                0x0000000000006904                strncmp
 .text.avr-libc
                0x0000000000006920       0x1e /usr/lib/gcc/avr/9.3.0/../../../../avr/lib/avr5/libc.a(strncpy.o)
                0x0000000000006920                strncpy
 .text.avr-libc
                0x000000000000693e       0x16 /usr/lib/gcc/avr/9.3.0/../../../../avr/lib/avr5/libc.a(strrchr.o)
                0x000000000000693e                strrchr
 .text.avr-libc
                0x0000000000006954       0x2c /usr/lib/gcc/avr/9.3.0/../../../../avr/lib/avr5/libc.a(printf.o)
                0x0000000000006954                printf
 .text.avr-libc
                0x0000000000006980       0x58 /usr/lib/gcc/avr/9.3.0/../../../../avr/lib/avr5/libc.a(puts.o)
                0x0000000000006980                puts
 .text.avr-libc
                0x00000000000069d8       0x46 /usr/lib/gcc/avr/9.3.0/../../../../avr/lib/avr5/libc.a(sprintf.o)
                0x00000000000069d8                sprintf
 .text.avr-libc
                0x0000000000006a1e      0x396 /usr/lib/gcc/avr/9.3.0/../../../../avr/lib/avr5/libc.a(vfprintf_std.o)
                0x0000000000006a1e                vfprintf
 .text.avr-libc
                0x0000000000006db4       0x16 /usr/lib/gcc/avr/9.3.0/../../../../avr/lib/avr5/libc.a(strnlen_P.o)
                0x0000000000006db4                strnlen_P
 .text.avr-libc
                0x0000000000006dca       0x16 /usr/lib/gcc/avr/9.3.0/../../../../avr/lib/avr5/libc.a(strnlen.o)
                0x0000000000006dca                strnlen
 .text.avr-libc
                0x0000000000006de0       0x60 /usr/lib/gcc/avr/9.3.0/../../../../avr/lib/avr5/libc.a(fputc.o)
                0x0000000000006de0                fputc
 .text.avr-libc
                0x0000000000006e40       0xbc /usr/lib/gcc/avr/9.3.0/../../../../avr/lib/avr5/libc.a(ultoa_invert.o)
                0x0000000000006e40                __ultoa_invert
 .text.libgcc.mul
                0x0000000000006efc        0x0 /usr/lib/gcc/avr/9.3.0/avr5/libgcc.a(_prologue.o)
 .text.libgcc.div
                0x0000000000006efc        0x0 /usr/lib/gcc/avr/9.3.0/avr5/libgcc.a(_prologue.o)
 .text.libgcc   0x0000000000006efc        0x0 /usr/lib/gcc/avr/9.3.0/avr5/libgcc.a(_prologue.o)
 .text.libgcc.prologue
                0x0000000000006efc       0x38 /usr/lib/gcc/avr/9.3.0/avr5/libgcc.a(_prologue.o)
                0x0000000000006efc                __prologue_saves__
 .text.libgcc.builtins
                0x0000000000006f34        0x0 /usr/lib/gcc/avr/9.3.0/avr5/libgcc.a(_prologue.o)
 .text.libgcc.fmul
                0x0000000000006f34        0x0 /usr/lib/gcc/avr/9.3.0/avr5/libgcc.a(_prologue.o)
 .text.libgcc.fixed
                0x0000000000006f34        0x0 /usr/lib/gcc/avr/9.3.0/avr5/libgcc.a(_prologue.o)
 .text.libgcc.mul
                0x0000000000006f34        0x0 /usr/lib/gcc/avr/9.3.0/avr5/libgcc.a(_epilogue.o)
 .text.libgcc.div
                0x0000000000006f34        0x0 /usr/lib/gcc/avr/9.3.0/avr5/libgcc.a(_epilogue.o)
 .text.libgcc   0x0000000000006f34        0x0 /usr/lib/gcc/avr/9.3.0/avr5/libgcc.a(_epilogue.o)
 .text.libgcc.prologue
                0x0000000000006f34       0x36 /usr/lib/gcc/avr/9.3.0/avr5/libgcc.a(_epilogue.o)
                0x0000000000006f34                __epilogue_restores__
 .text.libgcc.builtins
                0x0000000000006f6a        0x0 /usr/lib/gcc/avr/9.3.0/avr5/libgcc.a(_epilogue.o)
 .text.libgcc.fmul
                0x0000000000006f6a        0x0 /usr/lib/gcc/avr/9.3.0/avr5/libgcc.a(_epilogue.o)
 .text.libgcc.fixed
                0x0000000000006f6a        0x0 /usr/lib/gcc/avr/9.3.0/avr5/libgcc.a(_epilogue.o)
                0x0000000000006f6a                . = ALIGN (0x2)
 *(.fini9)
 .fini9         0x0000000000006f6a        0x0 /usr/lib/gcc/avr/9.3.0/avr5/libgcc.a(_exit.o)
                0x0000000000006f6a                exit
                0x0000000000006f6a                _exit
 *(.fini9)
 *(.fini8)
 *(.fini8)
 *(.fini7)
 *(.fini7)
 *(.fini6)
 *(.fini6)
 *(.fini5)
 *(.fini5)
 *(.fini4)
 *(.fini4)
 *(.fini3)
 *(.fini3)
 *(.fini2)
 *(.fini2)
 *(.fini1)
 *(.fini1)
 *(.fini0)
 .fini0         0x0000000000006f6a        0x4 /usr/lib/gcc/avr/9.3.0/avr5/libgcc.a(_exit.o)
 *(.fini0)
 *(.hightext)
 *(.hightext*)
 *(.progmemx.*)
                0x0000000000006f6e                . = ALIGN (0x2)
 *(.jumptables)
 *(.jumptables*)
 .jumptables.gcc.sd_raw_get_info
                0x0000000000006f6e       0x1e obj/sd_raw.o
                0x0000000000006f8c                _etext = .

.data           0x0000000000800100      0x190 load address 0x0000000000006f8c
                0x0000000000800100                PROVIDE (__data_start = .)
 *(.data)
 .data          0x0000000000800100        0x0 /usr/lib/gcc/avr/9.3.0/../../../../avr/lib/avr5/crtatmega328p.o
 .data          0x0000000000800100        0xf obj/main.o
                0x0000000000800100                messung
 .data          0x000000000080010f        0x8 obj/ili9341.o
                0x000000000080010f                _height
                0x0000000000800111                _width
                0x0000000000800113                LCD_H
                0x0000000000800115                LCD_W
 .data          0x0000000000800117        0xe obj/ili9341gfx.o
 .data          0x0000000000800125        0x0 obj/uart.o
 .data          0x0000000000800125        0x0 obj/grn_TWI.o
 .data          0x0000000000800125        0x0 obj/byteordering.o
 .data          0x0000000000800125        0x0 obj/fat.o
 .data          0x0000000000800125        0x0 obj/partition.o
 .data          0x0000000000800125        0x0 obj/sd_raw.o
 .data          0x0000000000800125        0x0 /usr/lib/gcc/avr/9.3.0/../../../../avr/lib/avr5/libm.a(addsf3.o)
 .data          0x0000000000800125        0x0 /usr/lib/gcc/avr/9.3.0/../../../../avr/lib/avr5/libm.a(addsf3x.o)
 .data          0x0000000000800125        0x0 /usr/lib/gcc/avr/9.3.0/../../../../avr/lib/avr5/libm.a(divsf3.o)
 .data          0x0000000000800125        0x0 /usr/lib/gcc/avr/9.3.0/../../../../avr/lib/avr5/libm.a(divsf3x.o)
 .data          0x0000000000800125        0x0 /usr/lib/gcc/avr/9.3.0/../../../../avr/lib/avr5/libm.a(fixsfsi.o)
 .data          0x0000000000800125        0x0 /usr/lib/gcc/avr/9.3.0/../../../../avr/lib/avr5/libm.a(fixunssfsi.o)
 .data          0x0000000000800125        0x0 /usr/lib/gcc/avr/9.3.0/../../../../avr/lib/avr5/libm.a(floatsisf.o)
 .data          0x0000000000800125        0x0 /usr/lib/gcc/avr/9.3.0/../../../../avr/lib/avr5/libm.a(fp_inf.o)
 .data          0x0000000000800125        0x0 /usr/lib/gcc/avr/9.3.0/../../../../avr/lib/avr5/libm.a(fp_nan.o)
 .data          0x0000000000800125        0x0 /usr/lib/gcc/avr/9.3.0/../../../../avr/lib/avr5/libm.a(fp_pscA.o)
 .data          0x0000000000800125        0x0 /usr/lib/gcc/avr/9.3.0/../../../../avr/lib/avr5/libm.a(fp_pscB.o)
 .data          0x0000000000800125        0x0 /usr/lib/gcc/avr/9.3.0/../../../../avr/lib/avr5/libm.a(fp_round.o)
 .data          0x0000000000800125        0x0 /usr/lib/gcc/avr/9.3.0/../../../../avr/lib/avr5/libm.a(fp_split3.o)
 .data          0x0000000000800125        0x0 /usr/lib/gcc/avr/9.3.0/../../../../avr/lib/avr5/libm.a(fp_zero.o)
 .data          0x0000000000800125        0x0 /usr/lib/gcc/avr/9.3.0/../../../../avr/lib/avr5/libm.a(mulsf3.o)
 .data          0x0000000000800125        0x0 /usr/lib/gcc/avr/9.3.0/../../../../avr/lib/avr5/libm.a(mulsf3x.o)
 .data          0x0000000000800125        0x0 /usr/lib/gcc/avr/9.3.0/../../../../avr/lib/avr5/libm.a(pow.o)
 .data          0x0000000000800125        0x0 /usr/lib/gcc/avr/9.3.0/../../../../avr/lib/avr5/libm.a(exp.o)
 .data          0x0000000000800125        0x0 /usr/lib/gcc/avr/9.3.0/../../../../avr/lib/avr5/libm.a(fp_powser.o)
 .data          0x0000000000800125        0x0 /usr/lib/gcc/avr/9.3.0/../../../../avr/lib/avr5/libm.a(inverse.o)
 .data          0x0000000000800125        0x0 /usr/lib/gcc/avr/9.3.0/../../../../avr/lib/avr5/libm.a(ldexp.o)
 .data          0x0000000000800125        0x0 /usr/lib/gcc/avr/9.3.0/../../../../avr/lib/avr5/libm.a(log.o)
 .data          0x0000000000800125        0x0 /usr/lib/gcc/avr/9.3.0/../../../../avr/lib/avr5/libm.a(modf.o)
 .data          0x0000000000800125        0x0 /usr/lib/gcc/avr/9.3.0/../../../../avr/lib/avr5/libm.a(fp_mpack.o)
 .data          0x0000000000800125        0x0 /usr/lib/gcc/avr/9.3.0/avr5/libgcc.a(_mulsi3.o)
 .data          0x0000000000800125        0x0 /usr/lib/gcc/avr/9.3.0/avr5/libgcc.a(_udivmodhi4.o)
 .data          0x0000000000800125        0x0 /usr/lib/gcc/avr/9.3.0/avr5/libgcc.a(_divmodhi4.o)
 .data          0x0000000000800125        0x0 /usr/lib/gcc/avr/9.3.0/avr5/libgcc.a(_udivmodsi4.o)
 .data          0x0000000000800125        0x0 /usr/lib/gcc/avr/9.3.0/avr5/libgcc.a(_exit.o)
 .data          0x0000000000800125        0x0 /usr/lib/gcc/avr/9.3.0/avr5/libgcc.a(_tablejump2.o)
 .data          0x0000000000800125        0x0 /usr/lib/gcc/avr/9.3.0/avr5/libgcc.a(_copy_data.o)
 .data          0x0000000000800125        0x0 /usr/lib/gcc/avr/9.3.0/avr5/libgcc.a(_clear_bss.o)
 .data          0x0000000000800125        0x0 /usr/lib/gcc/avr/9.3.0/avr5/libgcc.a(_umulhisi3.o)
 .data          0x0000000000800125        0x0 /usr/lib/gcc/avr/9.3.0/avr5/libgcc.a(_muluhisi3.o)
 .data          0x0000000000800125        0x0 /usr/lib/gcc/avr/9.3.0/../../../../avr/lib/avr5/libc.a(memcpy.o)
 .data          0x0000000000800125        0x0 /usr/lib/gcc/avr/9.3.0/../../../../avr/lib/avr5/libc.a(memset.o)
 .data          0x0000000000800125        0x0 /usr/lib/gcc/avr/9.3.0/../../../../avr/lib/avr5/libc.a(strchr.o)
 .data          0x0000000000800125        0x0 /usr/lib/gcc/avr/9.3.0/../../../../avr/lib/avr5/libc.a(strcmp.o)
 .data          0x0000000000800125        0x0 /usr/lib/gcc/avr/9.3.0/../../../../avr/lib/avr5/libc.a(strncmp.o)
 .data          0x0000000000800125        0x0 /usr/lib/gcc/avr/9.3.0/../../../../avr/lib/avr5/libc.a(strncpy.o)
 .data          0x0000000000800125        0x0 /usr/lib/gcc/avr/9.3.0/../../../../avr/lib/avr5/libc.a(strrchr.o)
 .data          0x0000000000800125        0x0 /usr/lib/gcc/avr/9.3.0/../../../../avr/lib/avr5/libc.a(iob.o)
 .data          0x0000000000800125        0x0 /usr/lib/gcc/avr/9.3.0/../../../../avr/lib/avr5/libc.a(printf.o)
 .data          0x0000000000800125        0x0 /usr/lib/gcc/avr/9.3.0/../../../../avr/lib/avr5/libc.a(puts.o)
 .data          0x0000000000800125        0x0 /usr/lib/gcc/avr/9.3.0/../../../../avr/lib/avr5/libc.a(sprintf.o)
 .data          0x0000000000800125        0x0 /usr/lib/gcc/avr/9.3.0/../../../../avr/lib/avr5/libc.a(vfprintf_std.o)
 .data          0x0000000000800125        0x0 /usr/lib/gcc/avr/9.3.0/../../../../avr/lib/avr5/libc.a(strnlen_P.o)
 .data          0x0000000000800125        0x0 /usr/lib/gcc/avr/9.3.0/../../../../avr/lib/avr5/libc.a(strnlen.o)
 .data          0x0000000000800125        0x0 /usr/lib/gcc/avr/9.3.0/../../../../avr/lib/avr5/libc.a(fputc.o)
 .data          0x0000000000800125        0x0 /usr/lib/gcc/avr/9.3.0/../../../../avr/lib/avr5/libc.a(ultoa_invert.o)
 .data          0x0000000000800125        0x0 /usr/lib/gcc/avr/9.3.0/avr5/libgcc.a(_prologue.o)
 .data          0x0000000000800125        0x0 /usr/lib/gcc/avr/9.3.0/avr5/libgcc.a(_epilogue.o)
 *(.data*)
 *(.gnu.linkonce.d*)
 *(.rodata)
 *(.rodata*)
 .rodata.str1.1
                0x0000000000800125      0x11c obj/main.o
                                        0x122 (size before relaxing)
 .rodata.str1.1
                0x0000000000800241       0x40 obj/ili9341gfx.o
 .rodata.str1.1
                0x0000000000800281        0xe obj/fat.o
 *(.gnu.linkonce.r*)
                0x0000000000800290                . = ALIGN (0x2)
 *fill*         0x000000000080028f        0x1 
                0x0000000000800290                _edata = .
                0x0000000000800290                PROVIDE (__data_end = .)

.bss            0x0000000000800290      0x390
                0x0000000000800290                PROVIDE (__bss_start = .)
 *(.bss)
 .bss           0x0000000000800290        0x0 /usr/lib/gcc/avr/9.3.0/../../../../avr/lib/avr5/crtatmega328p.o
 .bss           0x0000000000800290       0x55 obj/main.o
                0x0000000000800290                string
                0x00000000008002ae                buff
                0x00000000008002b4                pp
                0x00000000008002b8                tt
                0x00000000008002ba                id
                0x00000000008002bb                meas
                0x00000000008002bc                str_len
                0x00000000008002bd                sd_string
 .bss           0x00000000008002e5        0x0 obj/ili9341.o
 .bss           0x00000000008002e5        0x0 obj/ili9341gfx.o
 .bss           0x00000000008002e5        0x0 obj/uart.o
 .bss           0x00000000008002e5        0x0 obj/grn_TWI.o
 .bss           0x00000000008002e5        0x0 obj/byteordering.o
 .bss           0x00000000008002e5       0xb1 obj/fat.o
 .bss           0x0000000000800396       0x11 obj/partition.o
 .bss           0x00000000008003a7      0x206 obj/sd_raw.o
 .bss           0x00000000008005ad        0x0 /usr/lib/gcc/avr/9.3.0/../../../../avr/lib/avr5/libm.a(addsf3.o)
 .bss           0x00000000008005ad        0x0 /usr/lib/gcc/avr/9.3.0/../../../../avr/lib/avr5/libm.a(addsf3x.o)
 .bss           0x00000000008005ad        0x0 /usr/lib/gcc/avr/9.3.0/../../../../avr/lib/avr5/libm.a(divsf3.o)
 .bss           0x00000000008005ad        0x0 /usr/lib/gcc/avr/9.3.0/../../../../avr/lib/avr5/libm.a(divsf3x.o)
 .bss           0x00000000008005ad        0x0 /usr/lib/gcc/avr/9.3.0/../../../../avr/lib/avr5/libm.a(fixsfsi.o)
 .bss           0x00000000008005ad        0x0 /usr/lib/gcc/avr/9.3.0/../../../../avr/lib/avr5/libm.a(fixunssfsi.o)
 .bss           0x00000000008005ad        0x0 /usr/lib/gcc/avr/9.3.0/../../../../avr/lib/avr5/libm.a(floatsisf.o)
 .bss           0x00000000008005ad        0x0 /usr/lib/gcc/avr/9.3.0/../../../../avr/lib/avr5/libm.a(fp_inf.o)
 .bss           0x00000000008005ad        0x0 /usr/lib/gcc/avr/9.3.0/../../../../avr/lib/avr5/libm.a(fp_nan.o)
 .bss           0x00000000008005ad        0x0 /usr/lib/gcc/avr/9.3.0/../../../../avr/lib/avr5/libm.a(fp_pscA.o)
 .bss           0x00000000008005ad        0x0 /usr/lib/gcc/avr/9.3.0/../../../../avr/lib/avr5/libm.a(fp_pscB.o)
 .bss           0x00000000008005ad        0x0 /usr/lib/gcc/avr/9.3.0/../../../../avr/lib/avr5/libm.a(fp_round.o)
 .bss           0x00000000008005ad        0x0 /usr/lib/gcc/avr/9.3.0/../../../../avr/lib/avr5/libm.a(fp_split3.o)
 .bss           0x00000000008005ad        0x0 /usr/lib/gcc/avr/9.3.0/../../../../avr/lib/avr5/libm.a(fp_zero.o)
 .bss           0x00000000008005ad        0x0 /usr/lib/gcc/avr/9.3.0/../../../../avr/lib/avr5/libm.a(mulsf3.o)
 .bss           0x00000000008005ad        0x0 /usr/lib/gcc/avr/9.3.0/../../../../avr/lib/avr5/libm.a(mulsf3x.o)
 .bss           0x00000000008005ad        0x0 /usr/lib/gcc/avr/9.3.0/../../../../avr/lib/avr5/libm.a(pow.o)
 .bss           0x00000000008005ad        0x0 /usr/lib/gcc/avr/9.3.0/../../../../avr/lib/avr5/libm.a(exp.o)
 .bss           0x00000000008005ad        0x0 /usr/lib/gcc/avr/9.3.0/../../../../avr/lib/avr5/libm.a(fp_powser.o)
 .bss           0x00000000008005ad        0x0 /usr/lib/gcc/avr/9.3.0/../../../../avr/lib/avr5/libm.a(inverse.o)
 .bss           0x00000000008005ad        0x0 /usr/lib/gcc/avr/9.3.0/../../../../avr/lib/avr5/libm.a(ldexp.o)
 .bss           0x00000000008005ad        0x0 /usr/lib/gcc/avr/9.3.0/../../../../avr/lib/avr5/libm.a(log.o)
 .bss           0x00000000008005ad        0x0 /usr/lib/gcc/avr/9.3.0/../../../../avr/lib/avr5/libm.a(modf.o)
 .bss           0x00000000008005ad        0x0 /usr/lib/gcc/avr/9.3.0/../../../../avr/lib/avr5/libm.a(fp_mpack.o)
 .bss           0x00000000008005ad        0x0 /usr/lib/gcc/avr/9.3.0/avr5/libgcc.a(_mulsi3.o)
 .bss           0x00000000008005ad        0x0 /usr/lib/gcc/avr/9.3.0/avr5/libgcc.a(_udivmodhi4.o)
 .bss           0x00000000008005ad        0x0 /usr/lib/gcc/avr/9.3.0/avr5/libgcc.a(_divmodhi4.o)
 .bss           0x00000000008005ad        0x0 /usr/lib/gcc/avr/9.3.0/avr5/libgcc.a(_udivmodsi4.o)
 .bss           0x00000000008005ad        0x0 /usr/lib/gcc/avr/9.3.0/avr5/libgcc.a(_exit.o)
 .bss           0x00000000008005ad        0x0 /usr/lib/gcc/avr/9.3.0/avr5/libgcc.a(_tablejump2.o)
 .bss           0x00000000008005ad        0x0 /usr/lib/gcc/avr/9.3.0/avr5/libgcc.a(_copy_data.o)
 .bss           0x00000000008005ad        0x0 /usr/lib/gcc/avr/9.3.0/avr5/libgcc.a(_clear_bss.o)
 .bss           0x00000000008005ad        0x0 /usr/lib/gcc/avr/9.3.0/avr5/libgcc.a(_umulhisi3.o)
 .bss           0x00000000008005ad        0x0 /usr/lib/gcc/avr/9.3.0/avr5/libgcc.a(_muluhisi3.o)
 .bss           0x00000000008005ad        0x0 /usr/lib/gcc/avr/9.3.0/../../../../avr/lib/avr5/libc.a(memcpy.o)
 .bss           0x00000000008005ad        0x0 /usr/lib/gcc/avr/9.3.0/../../../../avr/lib/avr5/libc.a(memset.o)
 .bss           0x00000000008005ad        0x0 /usr/lib/gcc/avr/9.3.0/../../../../avr/lib/avr5/libc.a(strchr.o)
 .bss           0x00000000008005ad        0x0 /usr/lib/gcc/avr/9.3.0/../../../../avr/lib/avr5/libc.a(strcmp.o)
 .bss           0x00000000008005ad        0x0 /usr/lib/gcc/avr/9.3.0/../../../../avr/lib/avr5/libc.a(strncmp.o)
 .bss           0x00000000008005ad        0x0 /usr/lib/gcc/avr/9.3.0/../../../../avr/lib/avr5/libc.a(strncpy.o)
 .bss           0x00000000008005ad        0x0 /usr/lib/gcc/avr/9.3.0/../../../../avr/lib/avr5/libc.a(strrchr.o)
 .bss           0x00000000008005ad        0x0 /usr/lib/gcc/avr/9.3.0/../../../../avr/lib/avr5/libc.a(iob.o)
 .bss           0x00000000008005ad        0x0 /usr/lib/gcc/avr/9.3.0/../../../../avr/lib/avr5/libc.a(printf.o)
 .bss           0x00000000008005ad        0x0 /usr/lib/gcc/avr/9.3.0/../../../../avr/lib/avr5/libc.a(puts.o)
 .bss           0x00000000008005ad        0x0 /usr/lib/gcc/avr/9.3.0/../../../../avr/lib/avr5/libc.a(sprintf.o)
 .bss           0x00000000008005ad        0x0 /usr/lib/gcc/avr/9.3.0/../../../../avr/lib/avr5/libc.a(vfprintf_std.o)
 .bss           0x00000000008005ad        0x0 /usr/lib/gcc/avr/9.3.0/../../../../avr/lib/avr5/libc.a(strnlen_P.o)
 .bss           0x00000000008005ad        0x0 /usr/lib/gcc/avr/9.3.0/../../../../avr/lib/avr5/libc.a(strnlen.o)
 .bss           0x00000000008005ad        0x0 /usr/lib/gcc/avr/9.3.0/../../../../avr/lib/avr5/libc.a(fputc.o)
 .bss           0x00000000008005ad        0x0 /usr/lib/gcc/avr/9.3.0/../../../../avr/lib/avr5/libc.a(ultoa_invert.o)
 .bss           0x00000000008005ad        0x0 /usr/lib/gcc/avr/9.3.0/avr5/libgcc.a(_prologue.o)
 .bss           0x00000000008005ad        0x0 /usr/lib/gcc/avr/9.3.0/avr5/libgcc.a(_epilogue.o)
 *(.bss*)
 *(COMMON)
 COMMON         0x00000000008005ad       0x54 obj/main.o
                0x00000000008005ad                pres_ovs
                0x00000000008005ae                m_C01
                0x00000000008005b0                qnh
                0x00000000008005b4                xpos
                0x00000000008005b5                m_C10
                0x00000000008005b9                x
                0x00000000008005ba                Temperature
                0x00000000008005bc                fs
                0x00000000008005be                bit
                0x00000000008005bf                log_pos
                0x00000000008005c1                xxx
                0x00000000008005c5                ms
                0x00000000008005c6                rdy
                0x00000000008005c7                m_C30
                0x00000000008005c9                fd
                0x00000000008005cb                m_C0
                0x00000000008005cd                m_C11
                0x00000000008005cf                state
                0x00000000008005d0                posx
                0x00000000008005d2                m_C20
                0x00000000008005d4                partition
                0x00000000008005d6                ms10
                0x00000000008005d7                xx
                0x00000000008005d9                dd
                0x00000000008005db                var_x
                0x00000000008005dd                temp_ovs
                0x00000000008005de                sd_com
                0x00000000008005df                m_C00
                0x00000000008005e3                altitude
                0x00000000008005e7                m_C21
                0x00000000008005e9                entprell
                0x00000000008005ea                COLOR
                0x00000000008005ec                posy
                0x00000000008005ee                min
                0x00000000008005ef                color
                0x00000000008005f1                count
                0x00000000008005f2                yy
                0x00000000008005f4                m_C1
                0x00000000008005f6                ms100
                0x00000000008005f7                sec
                0x00000000008005f8                result
                0x00000000008005f9                error
                0x00000000008005fa                zell
                0x00000000008005fc                Pressure
                0x0000000000800600                value
 COMMON         0x0000000000800601       0x19 obj/ili9341gfx.o
                0x0000000000800601                textbgcolour
                0x0000000000800603                cursor_y
                0x0000000000800605                iactualx
                0x0000000000800607                iactualy
                0x0000000000800609                vactualx
                0x000000000080060b                isetx
                0x000000000080060d                vsety
                0x000000000080060f                vsetx
                0x0000000000800611                vactualy
                0x0000000000800613                textcolour
                0x0000000000800615                cursor_x
                0x0000000000800617                textsize
                0x0000000000800618                isety
 COMMON         0x000000000080061a        0x6 /usr/lib/gcc/avr/9.3.0/../../../../avr/lib/avr5/libc.a(iob.o)
                0x000000000080061a                __iob
                0x0000000000800620                PROVIDE (__bss_end = .)
                0x0000000000006f8c                __data_load_start = LOADADDR (.data)
                0x000000000000711c                __data_load_end = (__data_load_start + SIZEOF (.data))

.noinit         0x0000000000800620        0x0
                [!provide]                        PROVIDE (__noinit_start = .)
 *(.noinit*)
                [!provide]                        PROVIDE (__noinit_end = .)
                0x0000000000800620                _end = .
                [!provide]                        PROVIDE (__heap_start = .)

.eeprom         0x0000000000810000        0x0
 *(.eeprom*)
                0x0000000000810000                __eeprom_end = .

.fuse
 *(.fuse)
 *(.lfuse)
 *(.hfuse)
 *(.efuse)

.lock
 *(.lock*)

.signature
 *(.signature*)

.stab
 *(.stab)

.stabstr
 *(.stabstr)

.stab.excl
 *(.stab.excl)

.stab.exclstr
 *(.stab.exclstr)

.stab.index
 *(.stab.index)

.stab.indexstr
 *(.stab.indexstr)

.comment        0x0000000000000000       0x22
 *(.comment)
 .comment       0x0000000000000000       0x11 obj/main.o
                                         0x12 (size before relaxing)
 .comment       0x0000000000000011       0x12 obj/ili9341.o
 .comment       0x0000000000000011       0x12 obj/ili9341gfx.o
 .comment       0x0000000000000011       0x12 obj/uart.o
 .comment       0x0000000000000011       0x12 obj/grn_TWI.o
 .comment       0x0000000000000011       0x12 obj/byteordering.o
 .comment       0x0000000000000011       0x12 obj/fat.o
 .comment       0x0000000000000011       0x12 obj/partition.o
 .comment       0x0000000000000011       0x12 obj/sd_raw.o
 .comment       0x0000000000000011       0x11 /usr/lib/gcc/avr/9.3.0/../../../../avr/lib/avr5/libc.a(iob.o)
                                         0x12 (size before relaxing)
 .comment       0x0000000000000022       0x12 /usr/lib/gcc/avr/9.3.0/../../../../avr/lib/avr5/libc.a(printf.o)
 .comment       0x0000000000000022       0x12 /usr/lib/gcc/avr/9.3.0/../../../../avr/lib/avr5/libc.a(puts.o)
 .comment       0x0000000000000022       0x12 /usr/lib/gcc/avr/9.3.0/../../../../avr/lib/avr5/libc.a(sprintf.o)
 .comment       0x0000000000000022       0x12 /usr/lib/gcc/avr/9.3.0/../../../../avr/lib/avr5/libc.a(vfprintf_std.o)
 .comment       0x0000000000000022       0x12 /usr/lib/gcc/avr/9.3.0/../../../../avr/lib/avr5/libc.a(fputc.o)

.note.gnu.avr.deviceinfo
                0x0000000000000000       0x40
 .note.gnu.avr.deviceinfo
                0x0000000000000000       0x40 /usr/lib/gcc/avr/9.3.0/../../../../avr/lib/avr5/crtatmega328p.o

.note.gnu.build-id
 *(.note.gnu.build-id)

.debug
 *(.debug)

.line
 *(.line)

.debug_srcinfo
 *(.debug_srcinfo)

.debug_sfnames
 *(.debug_sfnames)

.debug_aranges  0x0000000000000000      0x128
 *(.debug_aranges)
 .debug_aranges
                0x0000000000000000       0x28 obj/main.o
 .debug_aranges
                0x0000000000000028       0x20 obj/ili9341.o
 .debug_aranges
                0x0000000000000048       0x20 obj/ili9341gfx.o
 .debug_aranges
                0x0000000000000068       0x20 obj/uart.o
 .debug_aranges
                0x0000000000000088       0x20 obj/grn_TWI.o
 .debug_aranges
                0x00000000000000a8       0x20 obj/byteordering.o
 .debug_aranges
                0x00000000000000c8       0x20 obj/fat.o
 .debug_aranges
                0x00000000000000e8       0x20 obj/partition.o
 .debug_aranges
                0x0000000000000108       0x20 obj/sd_raw.o

.debug_pubnames
 *(.debug_pubnames)

.debug_info     0x0000000000000000     0xa9ac
 *(.debug_info .gnu.linkonce.wi.*)
 .debug_info    0x0000000000000000      0x5f4 /usr/lib/gcc/avr/9.3.0/../../../../avr/lib/avr5/crtatmega328p.o
 .debug_info    0x00000000000005f4     0x2625 obj/main.o
 .debug_info    0x0000000000002c19     0x2418 obj/ili9341.o
 .debug_info    0x0000000000005031     0x153a obj/ili9341gfx.o
 .debug_info    0x000000000000656b      0x4ba obj/uart.o
 .debug_info    0x0000000000006a25      0x234 obj/grn_TWI.o
 .debug_info    0x0000000000006c59      0x175 obj/byteordering.o
 .debug_info    0x0000000000006dce     0x2bb8 obj/fat.o
 .debug_info    0x0000000000009986      0x3e6 obj/partition.o
 .debug_info    0x0000000000009d6c      0xc40 obj/sd_raw.o

.debug_abbrev   0x0000000000000000     0x1c25
 *(.debug_abbrev)
 .debug_abbrev  0x0000000000000000      0x5a2 /usr/lib/gcc/avr/9.3.0/../../../../avr/lib/avr5/crtatmega328p.o
 .debug_abbrev  0x00000000000005a2      0x465 obj/main.o
 .debug_abbrev  0x0000000000000a07      0x306 obj/ili9341.o
 .debug_abbrev  0x0000000000000d0d      0x333 obj/ili9341gfx.o
 .debug_abbrev  0x0000000000001040      0x1ac obj/uart.o
 .debug_abbrev  0x00000000000011ec      0x169 obj/grn_TWI.o
 .debug_abbrev  0x0000000000001355       0xc4 obj/byteordering.o
 .debug_abbrev  0x0000000000001419      0x41d obj/fat.o
 .debug_abbrev  0x0000000000001836      0x158 obj/partition.o
 .debug_abbrev  0x000000000000198e      0x297 obj/sd_raw.o

.debug_line     0x0000000000000000     0x9c76
 *(.debug_line .debug_line.* .debug_line_end)
 .debug_line    0x0000000000000000       0x1d /usr/lib/gcc/avr/9.3.0/../../../../avr/lib/avr5/crtatmega328p.o
 .debug_line    0x000000000000001d     0x1fdc obj/main.o
 .debug_line    0x0000000000001ff9     0x195f obj/ili9341.o
 .debug_line    0x0000000000003958     0x1447 obj/ili9341gfx.o
 .debug_line    0x0000000000004d9f      0x5c0 obj/uart.o
 .debug_line    0x000000000000535f      0x2b9 obj/grn_TWI.o
 .debug_line    0x0000000000005618      0x107 obj/byteordering.o
 .debug_line    0x000000000000571f     0x31c6 obj/fat.o
 .debug_line    0x00000000000088e5      0x293 obj/partition.o
 .debug_line    0x0000000000008b78     0x10fe obj/sd_raw.o

.debug_frame    0x0000000000000000     0x178c
 *(.debug_frame)
 .debug_frame   0x0000000000000000      0x2a8 obj/main.o
 .debug_frame   0x00000000000002a8      0x630 obj/ili9341.o
 .debug_frame   0x00000000000008d8      0x1b4 obj/ili9341gfx.o
 .debug_frame   0x0000000000000a8c      0x174 obj/uart.o
 .debug_frame   0x0000000000000c00       0x84 obj/grn_TWI.o
 .debug_frame   0x0000000000000c84       0x64 obj/byteordering.o
 .debug_frame   0x0000000000000ce8      0x784 obj/fat.o
 .debug_frame   0x000000000000146c       0x74 obj/partition.o
 .debug_frame   0x00000000000014e0      0x2ac obj/sd_raw.o

.debug_str      0x0000000000000000     0x157e
 *(.debug_str)
 .debug_str     0x0000000000000000      0x208 /usr/lib/gcc/avr/9.3.0/../../../../avr/lib/avr5/crtatmega328p.o
 .debug_str     0x0000000000000208      0x859 obj/main.o
                                        0x917 (size before relaxing)
 .debug_str     0x0000000000000a61      0x272 obj/ili9341.o
                                        0x45c (size before relaxing)
 .debug_str     0x0000000000000cd3       0xdc obj/ili9341gfx.o
                                        0x391 (size before relaxing)
 .debug_str     0x0000000000000daf       0x38 obj/uart.o
                                        0x222 (size before relaxing)
 .debug_str     0x0000000000000de7       0x23 obj/grn_TWI.o
                                        0x1c0 (size before relaxing)
 .debug_str     0x0000000000000e0a       0x2d obj/byteordering.o
                                        0x178 (size before relaxing)
 .debug_str     0x0000000000000e37      0x57e obj/fat.o
                                        0x9a7 (size before relaxing)
 .debug_str     0x00000000000013b5       0x32 obj/partition.o
                                        0x2b1 (size before relaxing)
 .debug_str     0x00000000000013e7      0x197 obj/sd_raw.o
                                        0x421 (size before relaxing)

.debug_loc      0x0000000000000000     0xacdf
 *(.debug_loc)
 .debug_loc     0x0000000000000000     0x12f5 obj/main.o
 .debug_loc     0x00000000000012f5     0x2e2e obj/ili9341.o
 .debug_loc     0x0000000000004123     0x12a5 obj/ili9341gfx.o
 .debug_loc     0x00000000000053c8      0x650 obj/uart.o
 .debug_loc     0x0000000000005a18       0x5a obj/grn_TWI.o
 .debug_loc     0x0000000000005a72       0xa0 obj/byteordering.o
 .debug_loc     0x0000000000005b12     0x3dad obj/fat.o
 .debug_loc     0x00000000000098bf      0x30c obj/partition.o
 .debug_loc     0x0000000000009bcb     0x1114 obj/sd_raw.o

.debug_macinfo
 *(.debug_macinfo)

.debug_weaknames
 *(.debug_weaknames)

.debug_funcnames
 *(.debug_funcnames)

.debug_typenames
 *(.debug_typenames)

.debug_varnames
 *(.debug_varnames)

.debug_pubtypes
 *(.debug_pubtypes)

.debug_ranges   0x0000000000000000      0x598
 *(.debug_ranges)
 .debug_ranges  0x0000000000000000      0x178 obj/main.o
 .debug_ranges  0x0000000000000178       0x48 obj/ili9341.o
 .debug_ranges  0x00000000000001c0       0x70 obj/ili9341gfx.o
 .debug_ranges  0x0000000000000230      0x240 obj/fat.o
 .debug_ranges  0x0000000000000470      0x128 obj/sd_raw.o

.debug_macro
 *(.debug_macro)

.debug_addr
 *(.debug_addr)
OUTPUT(main.elf elf32-avr)
LOAD linker stubs

Cross Reference Table

Symbol                                            File
COLOR                                             obj/main.o
DPS310_get_pres                                   obj/main.o
DPS310_get_sc_temp                                obj/main.o
DPS310_get_temp                                   obj/main.o
DPS310_init                                       obj/main.o
DPS310_read                                       obj/main.o
DPS310_readCoeffs                                 obj/main.o
DPS310_sreset                                     obj/main.o
DPS310_write                                      obj/main.o
LCD_H                                             obj/ili9341.o
                                                  obj/ili9341gfx.o
LCD_W                                             obj/ili9341.o
                                                  obj/ili9341gfx.o
Pressure                                          obj/main.o
ReadADC                                           obj/main.o
TWIGetStatus                                      obj/grn_TWI.o
                                                  obj/main.o
TWIInit                                           obj/grn_TWI.o
                                                  obj/main.o
TWIReadACK                                        obj/grn_TWI.o
TWIReadNACK                                       obj/grn_TWI.o
                                                  obj/main.o
TWIStart                                          obj/grn_TWI.o
                                                  obj/main.o
TWIStop                                           obj/grn_TWI.o
                                                  obj/main.o
TWIWrite                                          obj/grn_TWI.o
                                                  obj/main.o
Temperature                                       obj/main.o
__addsf3                                          /usr/lib/gcc/avr/9.3.0/../../../../avr/lib/avr5/libm.a(addsf3.o)
                                                  /usr/lib/gcc/avr/9.3.0/../../../../avr/lib/avr5/libm.a(log.o)
                                                  obj/main.o
__addsf3x                                         /usr/lib/gcc/avr/9.3.0/../../../../avr/lib/avr5/libm.a(addsf3x.o)
                                                  /usr/lib/gcc/avr/9.3.0/../../../../avr/lib/avr5/libm.a(log.o)
                                                  /usr/lib/gcc/avr/9.3.0/../../../../avr/lib/avr5/libm.a(fp_powser.o)
                                                  /usr/lib/gcc/avr/9.3.0/../../../../avr/lib/avr5/libm.a(addsf3.o)
__bad_interrupt                                   /usr/lib/gcc/avr/9.3.0/../../../../avr/lib/avr5/crtatmega328p.o
__bss_end                                         /usr/lib/gcc/avr/9.3.0/avr5/libgcc.a(_clear_bss.o)
__bss_start                                       /usr/lib/gcc/avr/9.3.0/avr5/libgcc.a(_clear_bss.o)
__data_end                                        /usr/lib/gcc/avr/9.3.0/avr5/libgcc.a(_copy_data.o)
__data_load_start                                 /usr/lib/gcc/avr/9.3.0/avr5/libgcc.a(_copy_data.o)
__data_start                                      /usr/lib/gcc/avr/9.3.0/avr5/libgcc.a(_copy_data.o)
__divmodhi4                                       /usr/lib/gcc/avr/9.3.0/avr5/libgcc.a(_divmodhi4.o)
                                                  obj/fat.o
__divsf3                                          /usr/lib/gcc/avr/9.3.0/../../../../avr/lib/avr5/libm.a(divsf3.o)
                                                  /usr/lib/gcc/avr/9.3.0/../../../../avr/lib/avr5/libm.a(inverse.o)
                                                  obj/main.o
__divsf3_pse                                      /usr/lib/gcc/avr/9.3.0/../../../../avr/lib/avr5/libm.a(divsf3x.o)
__divsf3x                                         /usr/lib/gcc/avr/9.3.0/../../../../avr/lib/avr5/libm.a(divsf3x.o)
                                                  /usr/lib/gcc/avr/9.3.0/../../../../avr/lib/avr5/libm.a(divsf3.o)
__do_clear_bss                                    /usr/lib/gcc/avr/9.3.0/avr5/libgcc.a(_clear_bss.o)
                                                  /usr/lib/gcc/avr/9.3.0/../../../../avr/lib/avr5/libc.a(iob.o)
                                                  obj/sd_raw.o
                                                  obj/partition.o
                                                  obj/fat.o
                                                  obj/ili9341gfx.o
                                                  obj/main.o
__do_copy_data                                    /usr/lib/gcc/avr/9.3.0/avr5/libgcc.a(_copy_data.o)
                                                  obj/fat.o
                                                  obj/ili9341gfx.o
                                                  obj/ili9341.o
                                                  obj/main.o
__epilogue_restores__                             /usr/lib/gcc/avr/9.3.0/avr5/libgcc.a(_epilogue.o)
                                                  /usr/lib/gcc/avr/9.3.0/../../../../avr/lib/avr5/libc.a(vfprintf_std.o)
                                                  /usr/lib/gcc/avr/9.3.0/../../../../avr/lib/avr5/libc.a(sprintf.o)
                                                  /usr/lib/gcc/avr/9.3.0/../../../../avr/lib/avr5/libc.a(printf.o)
__fixsfsi                                         /usr/lib/gcc/avr/9.3.0/../../../../avr/lib/avr5/libm.a(fixsfsi.o)
                                                  obj/main.o
__fixunssfsi                                      /usr/lib/gcc/avr/9.3.0/../../../../avr/lib/avr5/libm.a(fixunssfsi.o)
                                                  /usr/lib/gcc/avr/9.3.0/../../../../avr/lib/avr5/libm.a(fixsfsi.o)
__floatsisf                                       /usr/lib/gcc/avr/9.3.0/../../../../avr/lib/avr5/libm.a(floatsisf.o)
                                                  /usr/lib/gcc/avr/9.3.0/../../../../avr/lib/avr5/libm.a(log.o)
                                                  obj/main.o
__floatunsisf                                     /usr/lib/gcc/avr/9.3.0/../../../../avr/lib/avr5/libm.a(floatsisf.o)
                                                  obj/main.o
__fp_inf                                          /usr/lib/gcc/avr/9.3.0/../../../../avr/lib/avr5/libm.a(fp_inf.o)
                                                  /usr/lib/gcc/avr/9.3.0/../../../../avr/lib/avr5/libm.a(log.o)
                                                  /usr/lib/gcc/avr/9.3.0/../../../../avr/lib/avr5/libm.a(ldexp.o)
                                                  /usr/lib/gcc/avr/9.3.0/../../../../avr/lib/avr5/libm.a(exp.o)
                                                  /usr/lib/gcc/avr/9.3.0/../../../../avr/lib/avr5/libm.a(mulsf3x.o)
                                                  /usr/lib/gcc/avr/9.3.0/../../../../avr/lib/avr5/libm.a(divsf3x.o)
                                                  /usr/lib/gcc/avr/9.3.0/../../../../avr/lib/avr5/libm.a(addsf3x.o)
__fp_mpack                                        /usr/lib/gcc/avr/9.3.0/../../../../avr/lib/avr5/libm.a(fp_mpack.o)
                                                  /usr/lib/gcc/avr/9.3.0/../../../../avr/lib/avr5/libm.a(log.o)
                                                  /usr/lib/gcc/avr/9.3.0/../../../../avr/lib/avr5/libm.a(ldexp.o)
__fp_mpack_finite                                 /usr/lib/gcc/avr/9.3.0/../../../../avr/lib/avr5/libm.a(fp_mpack.o)
__fp_nan                                          /usr/lib/gcc/avr/9.3.0/../../../../avr/lib/avr5/libm.a(fp_nan.o)
                                                  /usr/lib/gcc/avr/9.3.0/../../../../avr/lib/avr5/libm.a(log.o)
                                                  /usr/lib/gcc/avr/9.3.0/../../../../avr/lib/avr5/libm.a(exp.o)
                                                  /usr/lib/gcc/avr/9.3.0/../../../../avr/lib/avr5/libm.a(pow.o)
                                                  /usr/lib/gcc/avr/9.3.0/../../../../avr/lib/avr5/libm.a(mulsf3x.o)
                                                  /usr/lib/gcc/avr/9.3.0/../../../../avr/lib/avr5/libm.a(divsf3x.o)
                                                  /usr/lib/gcc/avr/9.3.0/../../../../avr/lib/avr5/libm.a(addsf3x.o)
__fp_powser                                       /usr/lib/gcc/avr/9.3.0/../../../../avr/lib/avr5/libm.a(fp_powser.o)
                                                  /usr/lib/gcc/avr/9.3.0/../../../../avr/lib/avr5/libm.a(log.o)
                                                  /usr/lib/gcc/avr/9.3.0/../../../../avr/lib/avr5/libm.a(exp.o)
__fp_pscA                                         /usr/lib/gcc/avr/9.3.0/../../../../avr/lib/avr5/libm.a(fp_pscA.o)
                                                  /usr/lib/gcc/avr/9.3.0/../../../../avr/lib/avr5/libm.a(mulsf3x.o)
                                                  /usr/lib/gcc/avr/9.3.0/../../../../avr/lib/avr5/libm.a(divsf3x.o)
                                                  /usr/lib/gcc/avr/9.3.0/../../../../avr/lib/avr5/libm.a(addsf3x.o)
__fp_pscB                                         /usr/lib/gcc/avr/9.3.0/../../../../avr/lib/avr5/libm.a(fp_pscB.o)
                                                  /usr/lib/gcc/avr/9.3.0/../../../../avr/lib/avr5/libm.a(mulsf3x.o)
                                                  /usr/lib/gcc/avr/9.3.0/../../../../avr/lib/avr5/libm.a(divsf3x.o)
                                                  /usr/lib/gcc/avr/9.3.0/../../../../avr/lib/avr5/libm.a(addsf3x.o)
__fp_round                                        /usr/lib/gcc/avr/9.3.0/../../../../avr/lib/avr5/libm.a(fp_round.o)
                                                  /usr/lib/gcc/avr/9.3.0/../../../../avr/lib/avr5/libm.a(log.o)
                                                  /usr/lib/gcc/avr/9.3.0/../../../../avr/lib/avr5/libm.a(mulsf3.o)
                                                  /usr/lib/gcc/avr/9.3.0/../../../../avr/lib/avr5/libm.a(divsf3.o)
                                                  /usr/lib/gcc/avr/9.3.0/../../../../avr/lib/avr5/libm.a(addsf3.o)
__fp_split3                                       /usr/lib/gcc/avr/9.3.0/../../../../avr/lib/avr5/libm.a(fp_split3.o)
                                                  /usr/lib/gcc/avr/9.3.0/../../../../avr/lib/avr5/libm.a(mulsf3x.o)
                                                  /usr/lib/gcc/avr/9.3.0/../../../../avr/lib/avr5/libm.a(divsf3x.o)
                                                  /usr/lib/gcc/avr/9.3.0/../../../../avr/lib/avr5/libm.a(addsf3x.o)
__fp_splitA                                       /usr/lib/gcc/avr/9.3.0/../../../../avr/lib/avr5/libm.a(fp_split3.o)
                                                  /usr/lib/gcc/avr/9.3.0/../../../../avr/lib/avr5/libm.a(log.o)
                                                  /usr/lib/gcc/avr/9.3.0/../../../../avr/lib/avr5/libm.a(ldexp.o)
                                                  /usr/lib/gcc/avr/9.3.0/../../../../avr/lib/avr5/libm.a(exp.o)
                                                  /usr/lib/gcc/avr/9.3.0/../../../../avr/lib/avr5/libm.a(fixunssfsi.o)
__fp_szero                                        /usr/lib/gcc/avr/9.3.0/../../../../avr/lib/avr5/libm.a(fp_zero.o)
                                                  /usr/lib/gcc/avr/9.3.0/../../../../avr/lib/avr5/libm.a(ldexp.o)
                                                  /usr/lib/gcc/avr/9.3.0/../../../../avr/lib/avr5/libm.a(mulsf3x.o)
                                                  /usr/lib/gcc/avr/9.3.0/../../../../avr/lib/avr5/libm.a(fixsfsi.o)
                                                  /usr/lib/gcc/avr/9.3.0/../../../../avr/lib/avr5/libm.a(divsf3x.o)
__fp_zero                                         /usr/lib/gcc/avr/9.3.0/../../../../avr/lib/avr5/libm.a(fp_zero.o)
                                                  /usr/lib/gcc/avr/9.3.0/../../../../avr/lib/avr5/libm.a(exp.o)
                                                  /usr/lib/gcc/avr/9.3.0/../../../../avr/lib/avr5/libm.a(fixunssfsi.o)
                                                  /usr/lib/gcc/avr/9.3.0/../../../../avr/lib/avr5/libm.a(addsf3x.o)
__heap_end                                        /usr/lib/gcc/avr/9.3.0/../../../../avr/lib/avr5/crtatmega328p.o
__init                                            /usr/lib/gcc/avr/9.3.0/../../../../avr/lib/avr5/crtatmega328p.o
__iob                                             /usr/lib/gcc/avr/9.3.0/../../../../avr/lib/avr5/libc.a(iob.o)
                                                  /usr/lib/gcc/avr/9.3.0/../../../../avr/lib/avr5/libc.a(puts.o)
                                                  /usr/lib/gcc/avr/9.3.0/../../../../avr/lib/avr5/libc.a(printf.o)
                                                  obj/ili9341gfx.o
                                                  obj/main.o
__mulsf3                                          /usr/lib/gcc/avr/9.3.0/../../../../avr/lib/avr5/libm.a(mulsf3.o)
                                                  /usr/lib/gcc/avr/9.3.0/../../../../avr/lib/avr5/libm.a(pow.o)
                                                  obj/main.o
__mulsf3_pse                                      /usr/lib/gcc/avr/9.3.0/../../../../avr/lib/avr5/libm.a(mulsf3x.o)
                                                  /usr/lib/gcc/avr/9.3.0/../../../../avr/lib/avr5/libm.a(exp.o)
__mulsf3x                                         /usr/lib/gcc/avr/9.3.0/../../../../avr/lib/avr5/libm.a(mulsf3x.o)
                                                  /usr/lib/gcc/avr/9.3.0/../../../../avr/lib/avr5/libm.a(log.o)
                                                  /usr/lib/gcc/avr/9.3.0/../../../../avr/lib/avr5/libm.a(fp_powser.o)
                                                  /usr/lib/gcc/avr/9.3.0/../../../../avr/lib/avr5/libm.a(mulsf3.o)
__mulsi3                                          /usr/lib/gcc/avr/9.3.0/avr5/libgcc.a(_mulsi3.o)
                                                  obj/fat.o
__muluhisi3                                       /usr/lib/gcc/avr/9.3.0/avr5/libgcc.a(_muluhisi3.o)
                                                  /usr/lib/gcc/avr/9.3.0/avr5/libgcc.a(_mulsi3.o)
                                                  obj/fat.o
                                                  obj/uart.o
__prologue_saves__                                /usr/lib/gcc/avr/9.3.0/avr5/libgcc.a(_prologue.o)
                                                  /usr/lib/gcc/avr/9.3.0/../../../../avr/lib/avr5/libc.a(vfprintf_std.o)
                                                  /usr/lib/gcc/avr/9.3.0/../../../../avr/lib/avr5/libc.a(sprintf.o)
                                                  /usr/lib/gcc/avr/9.3.0/../../../../avr/lib/avr5/libc.a(printf.o)
__stack                                           /usr/lib/gcc/avr/9.3.0/../../../../avr/lib/avr5/crtatmega328p.o
__subsf3                                          /usr/lib/gcc/avr/9.3.0/../../../../avr/lib/avr5/libm.a(addsf3.o)
                                                  /usr/lib/gcc/avr/9.3.0/../../../../avr/lib/avr5/libm.a(modf.o)
                                                  obj/main.o
__tablejump2__                                    /usr/lib/gcc/avr/9.3.0/avr5/libgcc.a(_tablejump2.o)
                                                  obj/sd_raw.o
__udivmodhi4                                      /usr/lib/gcc/avr/9.3.0/avr5/libgcc.a(_udivmodhi4.o)
                                                  /usr/lib/gcc/avr/9.3.0/avr5/libgcc.a(_divmodhi4.o)
                                                  obj/fat.o
                                                  obj/uart.o
__udivmodsi4                                      /usr/lib/gcc/avr/9.3.0/avr5/libgcc.a(_udivmodsi4.o)
                                                  obj/fat.o
                                                  obj/uart.o
                                                  obj/main.o
__ultoa_invert                                    /usr/lib/gcc/avr/9.3.0/../../../../avr/lib/avr5/libc.a(ultoa_invert.o)
                                                  /usr/lib/gcc/avr/9.3.0/../../../../avr/lib/avr5/libc.a(vfprintf_std.o)
__umulhisi3                                       /usr/lib/gcc/avr/9.3.0/avr5/libgcc.a(_umulhisi3.o)
                                                  /usr/lib/gcc/avr/9.3.0/avr5/libgcc.a(_muluhisi3.o)
                                                  obj/fat.o
__vector_1                                        /usr/lib/gcc/avr/9.3.0/../../../../avr/lib/avr5/crtatmega328p.o
__vector_10                                       /usr/lib/gcc/avr/9.3.0/../../../../avr/lib/avr5/crtatmega328p.o
__vector_11                                       obj/main.o
                                                  /usr/lib/gcc/avr/9.3.0/../../../../avr/lib/avr5/crtatmega328p.o
__vector_12                                       /usr/lib/gcc/avr/9.3.0/../../../../avr/lib/avr5/crtatmega328p.o
__vector_13                                       /usr/lib/gcc/avr/9.3.0/../../../../avr/lib/avr5/crtatmega328p.o
__vector_14                                       /usr/lib/gcc/avr/9.3.0/../../../../avr/lib/avr5/crtatmega328p.o
__vector_15                                       /usr/lib/gcc/avr/9.3.0/../../../../avr/lib/avr5/crtatmega328p.o
__vector_16                                       /usr/lib/gcc/avr/9.3.0/../../../../avr/lib/avr5/crtatmega328p.o
__vector_17                                       /usr/lib/gcc/avr/9.3.0/../../../../avr/lib/avr5/crtatmega328p.o
__vector_18                                       obj/uart.o
                                                  /usr/lib/gcc/avr/9.3.0/../../../../avr/lib/avr5/crtatmega328p.o
__vector_19                                       /usr/lib/gcc/avr/9.3.0/../../../../avr/lib/avr5/crtatmega328p.o
__vector_2                                        /usr/lib/gcc/avr/9.3.0/../../../../avr/lib/avr5/crtatmega328p.o
__vector_20                                       /usr/lib/gcc/avr/9.3.0/../../../../avr/lib/avr5/crtatmega328p.o
__vector_21                                       /usr/lib/gcc/avr/9.3.0/../../../../avr/lib/avr5/crtatmega328p.o
__vector_22                                       /usr/lib/gcc/avr/9.3.0/../../../../avr/lib/avr5/crtatmega328p.o
__vector_23                                       /usr/lib/gcc/avr/9.3.0/../../../../avr/lib/avr5/crtatmega328p.o
__vector_24                                       /usr/lib/gcc/avr/9.3.0/../../../../avr/lib/avr5/crtatmega328p.o
__vector_25                                       /usr/lib/gcc/avr/9.3.0/../../../../avr/lib/avr5/crtatmega328p.o
__vector_3                                        /usr/lib/gcc/avr/9.3.0/../../../../avr/lib/avr5/crtatmega328p.o
__vector_4                                        /usr/lib/gcc/avr/9.3.0/../../../../avr/lib/avr5/crtatmega328p.o
__vector_5                                        /usr/lib/gcc/avr/9.3.0/../../../../avr/lib/avr5/crtatmega328p.o
__vector_6                                        /usr/lib/gcc/avr/9.3.0/../../../../avr/lib/avr5/crtatmega328p.o
__vector_7                                        /usr/lib/gcc/avr/9.3.0/../../../../avr/lib/avr5/crtatmega328p.o
__vector_8                                        /usr/lib/gcc/avr/9.3.0/../../../../avr/lib/avr5/crtatmega328p.o
__vector_9                                        /usr/lib/gcc/avr/9.3.0/../../../../avr/lib/avr5/crtatmega328p.o
__vector_default                                  /usr/lib/gcc/avr/9.3.0/../../../../avr/lib/avr5/crtatmega328p.o
__vectors                                         /usr/lib/gcc/avr/9.3.0/../../../../avr/lib/avr5/crtatmega328p.o
_div                                              /usr/lib/gcc/avr/9.3.0/avr5/libgcc.a(_divmodhi4.o)
_exit                                             /usr/lib/gcc/avr/9.3.0/avr5/libgcc.a(_exit.o)
_height                                           obj/ili9341.o
_width                                            obj/ili9341.o
altitude                                          obj/main.o
backuplocationiactual                             obj/ili9341gfx.o
backuplocationiset                                obj/ili9341gfx.o
backuplocationvactual                             obj/ili9341gfx.o
backuplocationvset                                obj/ili9341gfx.o
bit                                               obj/main.o
buff                                              obj/main.o
calcalt                                           obj/main.o
color                                             obj/main.o
count                                             obj/main.o
cursor_x                                          obj/ili9341gfx.o
cursor_y                                          obj/ili9341gfx.o
dd                                                obj/main.o
display_init                                      obj/ili9341gfx.o
entprell                                          obj/main.o
error                                             obj/main.o
exit                                              /usr/lib/gcc/avr/9.3.0/avr5/libgcc.a(_exit.o)
                                                  /usr/lib/gcc/avr/9.3.0/../../../../avr/lib/avr5/crtatmega328p.o
exp                                               /usr/lib/gcc/avr/9.3.0/../../../../avr/lib/avr5/libm.a(exp.o)
                                                  /usr/lib/gcc/avr/9.3.0/../../../../avr/lib/avr5/libm.a(pow.o)
fat_close                                         obj/fat.o
                                                  obj/main.o
fat_close_dir                                     obj/fat.o
                                                  obj/main.o
fat_close_file                                    obj/fat.o
                                                  obj/main.o
fat_create_dir                                    obj/fat.o
fat_create_file                                   obj/fat.o
fat_delete_file                                   obj/fat.o
fat_get_dir_entry_of_path                         obj/fat.o
                                                  obj/main.o
fat_get_fs_free                                   obj/fat.o
                                                  obj/main.o
fat_get_fs_size                                   obj/fat.o
                                                  obj/main.o
fat_move_file                                     obj/fat.o
fat_open                                          obj/fat.o
                                                  obj/main.o
fat_open_dir                                      obj/fat.o
                                                  obj/main.o
fat_open_file                                     obj/fat.o
                                                  obj/main.o
fat_read_dir                                      obj/fat.o
                                                  obj/main.o
fat_read_file                                     obj/fat.o
fat_reset_dir                                     obj/fat.o
                                                  obj/main.o
fat_resize_file                                   obj/fat.o
fat_seek_file                                     obj/fat.o
fat_write_file                                    obj/fat.o
                                                  obj/main.o
fd                                                obj/main.o
fputc                                             /usr/lib/gcc/avr/9.3.0/../../../../avr/lib/avr5/libc.a(fputc.o)
                                                  /usr/lib/gcc/avr/9.3.0/../../../../avr/lib/avr5/libc.a(vfprintf_std.o)
fs                                                obj/main.o
iactualx                                          obj/ili9341gfx.o
iactualy                                          obj/ili9341gfx.o
id                                                obj/main.o
ili9341_clear                                     obj/ili9341.o
                                                  obj/main.o
ili9341_drawBitmap                                obj/ili9341.o
ili9341_drawCircle                                obj/ili9341.o
ili9341_drawCircleHelper                          obj/ili9341.o
ili9341_drawFastHLine                             obj/ili9341.o
ili9341_drawFastVLine                             obj/ili9341.o
ili9341_drawLine                                  obj/ili9341.o
ili9341_drawRect                                  obj/ili9341.o
ili9341_drawRoundRect                             obj/ili9341.o
ili9341_drawXBitmap                               obj/ili9341.o
ili9341_drawchar                                  obj/ili9341gfx.o
ili9341_drawhline                                 obj/ili9341.o
ili9341_drawpixel                                 obj/ili9341.o
                                                  obj/ili9341gfx.o
ili9341_drawvline                                 obj/ili9341.o
ili9341_fillCircle                                obj/ili9341.o
ili9341_fillCircleHelper                          obj/ili9341.o
ili9341_fillRect                                  obj/ili9341.o
ili9341_fillRoundRect                             obj/ili9341.o
ili9341_fillrect                                  obj/ili9341.o
                                                  obj/ili9341gfx.o
ili9341_hard_init                                 obj/ili9341.o
ili9341_hard_reset                                obj/ili9341.o
ili9341_init                                      obj/ili9341.o
                                                  obj/main.o
ili9341_pushcolour                                obj/ili9341.o
ili9341_putchar_printf                            obj/ili9341gfx.o
                                                  obj/main.o
ili9341_setRotation                               obj/ili9341.o
                                                  obj/main.o
ili9341_setaddress                                obj/ili9341.o
ili9341_setcursor                                 obj/ili9341gfx.o
                                                  obj/main.o
ili9341_settextcolour                             obj/ili9341gfx.o
                                                  obj/main.o
ili9341_settextsize                               obj/ili9341gfx.o
                                                  obj/main.o
ili9341_spi_init                                  obj/ili9341.o
ili9341_spi_send                                  obj/ili9341.o
ili9341_write                                     obj/ili9341gfx.o
ili9341_writecommand8                             obj/ili9341.o
ili9341_writedata8                                obj/ili9341.o
init_ili9341                                      obj/main.o
inverse                                           /usr/lib/gcc/avr/9.3.0/../../../../avr/lib/avr5/libm.a(inverse.o)
                                                  /usr/lib/gcc/avr/9.3.0/../../../../avr/lib/avr5/libm.a(exp.o)
isetx                                             obj/ili9341gfx.o
isety                                             obj/ili9341gfx.o
ldexp                                             /usr/lib/gcc/avr/9.3.0/../../../../avr/lib/avr5/libm.a(ldexp.o)
                                                  /usr/lib/gcc/avr/9.3.0/../../../../avr/lib/avr5/libm.a(exp.o)
log                                               /usr/lib/gcc/avr/9.3.0/../../../../avr/lib/avr5/libm.a(log.o)
                                                  /usr/lib/gcc/avr/9.3.0/../../../../avr/lib/avr5/libm.a(pow.o)
log_pos                                           obj/main.o
m_C0                                              obj/main.o
m_C00                                             obj/main.o
m_C01                                             obj/main.o
m_C1                                              obj/main.o
m_C10                                             obj/main.o
m_C11                                             obj/main.o
m_C20                                             obj/main.o
m_C21                                             obj/main.o
m_C30                                             obj/main.o
main                                              obj/main.o
                                                  /usr/lib/gcc/avr/9.3.0/../../../../avr/lib/avr5/crtatmega328p.o
meas                                              obj/main.o
memcpy                                            /usr/lib/gcc/avr/9.3.0/../../../../avr/lib/avr5/libc.a(memcpy.o)
                                                  obj/sd_raw.o
                                                  obj/fat.o